Archive member included to satisfy reference by file (symbol)

c:/st/stm32cubeide_1.7.0/stm32cubeide/plugins/com.st.stm32cube.ide.mcu.externaltools.gnu-tools-for-stm32.9-2020-q2-update.win32_2.0.0.202105311346/tools/bin/../lib/gcc/arm-none-eabi/9.3.1/../../../../arm-none-eabi/lib/thumb/v7e-m+fp/hard\libc_nano.a(lib_a-errno.o)
                              ./Core/Src/syscalls.o (__errno)
c:/st/stm32cubeide_1.7.0/stm32cubeide/plugins/com.st.stm32cube.ide.mcu.externaltools.gnu-tools-for-stm32.9-2020-q2-update.win32_2.0.0.202105311346/tools/bin/../lib/gcc/arm-none-eabi/9.3.1/../../../../arm-none-eabi/lib/thumb/v7e-m+fp/hard\libc_nano.a(lib_a-exit.o)
                              c:/st/stm32cubeide_1.7.0/stm32cubeide/plugins/com.st.stm32cube.ide.mcu.externaltools.gnu-tools-for-stm32.9-2020-q2-update.win32_2.0.0.202105311346/tools/bin/../lib/gcc/arm-none-eabi/9.3.1/../../../../arm-none-eabi/lib/thumb/v7e-m+fp/hard/crt0.o (exit)
c:/st/stm32cubeide_1.7.0/stm32cubeide/plugins/com.st.stm32cube.ide.mcu.externaltools.gnu-tools-for-stm32.9-2020-q2-update.win32_2.0.0.202105311346/tools/bin/../lib/gcc/arm-none-eabi/9.3.1/../../../../arm-none-eabi/lib/thumb/v7e-m+fp/hard\libc_nano.a(lib_a-impure.o)
                              c:/st/stm32cubeide_1.7.0/stm32cubeide/plugins/com.st.stm32cube.ide.mcu.externaltools.gnu-tools-for-stm32.9-2020-q2-update.win32_2.0.0.202105311346/tools/bin/../lib/gcc/arm-none-eabi/9.3.1/../../../../arm-none-eabi/lib/thumb/v7e-m+fp/hard\libc_nano.a(lib_a-exit.o) (_global_impure_ptr)
c:/st/stm32cubeide_1.7.0/stm32cubeide/plugins/com.st.stm32cube.ide.mcu.externaltools.gnu-tools-for-stm32.9-2020-q2-update.win32_2.0.0.202105311346/tools/bin/../lib/gcc/arm-none-eabi/9.3.1/../../../../arm-none-eabi/lib/thumb/v7e-m+fp/hard\libc_nano.a(lib_a-init.o)
                              c:/st/stm32cubeide_1.7.0/stm32cubeide/plugins/com.st.stm32cube.ide.mcu.externaltools.gnu-tools-for-stm32.9-2020-q2-update.win32_2.0.0.202105311346/tools/bin/../lib/gcc/arm-none-eabi/9.3.1/../../../../arm-none-eabi/lib/thumb/v7e-m+fp/hard/crt0.o (__libc_init_array)
c:/st/stm32cubeide_1.7.0/stm32cubeide/plugins/com.st.stm32cube.ide.mcu.externaltools.gnu-tools-for-stm32.9-2020-q2-update.win32_2.0.0.202105311346/tools/bin/../lib/gcc/arm-none-eabi/9.3.1/../../../../arm-none-eabi/lib/thumb/v7e-m+fp/hard\libc_nano.a(lib_a-memset.o)
                              c:/st/stm32cubeide_1.7.0/stm32cubeide/plugins/com.st.stm32cube.ide.mcu.externaltools.gnu-tools-for-stm32.9-2020-q2-update.win32_2.0.0.202105311346/tools/bin/../lib/gcc/arm-none-eabi/9.3.1/../../../../arm-none-eabi/lib/thumb/v7e-m+fp/hard/crt0.o (memset)
c:/st/stm32cubeide_1.7.0/stm32cubeide/plugins/com.st.stm32cube.ide.mcu.externaltools.gnu-tools-for-stm32.9-2020-q2-update.win32_2.0.0.202105311346/tools/bin/../lib/gcc/arm-none-eabi/9.3.1/thumb/v7e-m+fp/hard\libgcc.a(_aeabi_uldivmod.o)
                              ./Drivers/STM32F4xx_HAL_Driver/Src/stm32f4xx_hal_rcc.o (__aeabi_uldivmod)
c:/st/stm32cubeide_1.7.0/stm32cubeide/plugins/com.st.stm32cube.ide.mcu.externaltools.gnu-tools-for-stm32.9-2020-q2-update.win32_2.0.0.202105311346/tools/bin/../lib/gcc/arm-none-eabi/9.3.1/thumb/v7e-m+fp/hard\libgcc.a(_udivmoddi4.o)
                              c:/st/stm32cubeide_1.7.0/stm32cubeide/plugins/com.st.stm32cube.ide.mcu.externaltools.gnu-tools-for-stm32.9-2020-q2-update.win32_2.0.0.202105311346/tools/bin/../lib/gcc/arm-none-eabi/9.3.1/thumb/v7e-m+fp/hard\libgcc.a(_aeabi_uldivmod.o) (__udivmoddi4)
c:/st/stm32cubeide_1.7.0/stm32cubeide/plugins/com.st.stm32cube.ide.mcu.externaltools.gnu-tools-for-stm32.9-2020-q2-update.win32_2.0.0.202105311346/tools/bin/../lib/gcc/arm-none-eabi/9.3.1/thumb/v7e-m+fp/hard\libgcc.a(_dvmd_tls.o)
                              c:/st/stm32cubeide_1.7.0/stm32cubeide/plugins/com.st.stm32cube.ide.mcu.externaltools.gnu-tools-for-stm32.9-2020-q2-update.win32_2.0.0.202105311346/tools/bin/../lib/gcc/arm-none-eabi/9.3.1/thumb/v7e-m+fp/hard\libgcc.a(_aeabi_uldivmod.o) (__aeabi_ldiv0)

Allocating common symbols
Common symbol       size              file

appSecTimer         0x1               ./Core/apps/appMain.o
huart9              0x44              ./Core/Src/main.o
huart7              0x44              ./Core/Src/main.o
ButtonPressedTimer  0x1               ./Core/apps/switches.o
lcdSecTimer         0x1               ./Core/apps/keypad_display.o
appStateMachine     0x1               ./Core/apps/appMain.o
hi2c1               0x54              ./Core/Src/main.o
hi2c2               0x54              ./Core/Src/main.o
Timer_100mS         0x2               ./Core/apps/timebasetimer.o
ForcedButton        0x4               ./Core/apps/switches.o
uwTick              0x4               ./Drivers/STM32F4xx_HAL_Driver/Src/stm32f4xx_hal.o
SwitchRaw           0x4               ./Core/apps/switches.o
pFlash              0x20              ./Drivers/STM32F4xx_HAL_Driver/Src/stm32f4xx_hal_flash.o
PendingSwitchEvent  0x1               ./Core/apps/switches.o
[...]
Memory Configuration

Name             Origin             Length             Attributes
RAM              0x0000000020000000 0x0000000000050000 xrw
FLASH            0x0000000008000000 0x0000000000180000 xr
*default*        0x0000000000000000 0xffffffffffffffff

Linker script and memory map

LOAD c:/st/stm32cubeide_1.7.0/stm32cubeide/plugins/com.st.stm32cube.ide.mcu.externaltools.gnu-tools-for-stm32.9-2020-q2-update.win32_2.0.0.202105311346/tools/bin/../lib/gcc/arm-none-eabi/9.3.1/thumb/v7e-m+fp/hard/crti.o
LOAD c:/st/stm32cubeide_1.7.0/stm32cubeide/plugins/com.st.stm32cube.ide.mcu.externaltools.gnu-tools-for-stm32.9-2020-q2-update.win32_2.0.0.202105311346/tools/bin/../lib/gcc/arm-none-eabi/9.3.1/thumb/v7e-m+fp/hard/crtbegin.o
LOAD c:/st/stm32cubeide_1.7.0/stm32cubeide/plugins/com.st.stm32cube.ide.mcu.externaltools.gnu-tools-for-stm32.9-2020-q2-update.win32_2.0.0.202105311346/tools/bin/../lib/gcc/arm-none-eabi/9.3.1/../../../../arm-none-eabi/lib/thumb/v7e-m+fp/hard/crt0.o
LOAD ./Core/Src/main.o
LOAD ./Core/Src/stm32f4xx_hal_msp.o
LOAD ./Core/Src/stm32f4xx_it.o
LOAD ./Core/Src/syscalls.o
LOAD ./Core/Src/sysmem.o
LOAD ./Core/Src/system_stm32f4xx.o
LOAD ./Core/Startup/startup_stm32f413vhtx.o
LOAD ./Core/apps/Buzzer.o
LOAD ./Core/apps/appMain.o
LOAD ./Core/apps/keypad_display.o
LOAD ./Core/apps/leds.o
LOAD ./Core/apps/switches.o
LOAD ./Core/apps/timebasetimer.o
LOAD ./Drivers/STM32F4xx_HAL_Driver/Src/stm32f4xx_hal.o
LOAD ./Drivers/STM32F4xx_HAL_Driver/Src/stm32f4xx_hal_adc.o
LOAD ./Drivers/STM32F4xx_HAL_Driver/Src/stm32f4xx_hal_adc_ex.o
LOAD ./Drivers/STM32F4xx_HAL_Driver/Src/stm32f4xx_hal_cortex.o
LOAD ./Drivers/STM32F4xx_HAL_Driver/Src/stm32f4xx_hal_dma.o
LOAD ./Drivers/STM32F4xx_HAL_Driver/Src/stm32f4xx_hal_dma_ex.o
LOAD ./Drivers/STM32F4xx_HAL_Driver/Src/stm32f4xx_hal_exti.o
LOAD ./Drivers/STM32F4xx_HAL_Driver/Src/stm32f4xx_hal_flash.o
LOAD ./Drivers/STM32F4xx_HAL_Driver/Src/stm32f4xx_hal_flash_ex.o
LOAD ./Drivers/STM32F4xx_HAL_Driver/Src/stm32f4xx_hal_flash_ramfunc.o
LOAD ./Drivers/STM32F4xx_HAL_Driver/Src/stm32f4xx_hal_gpio.o
LOAD ./Drivers/STM32F4xx_HAL_Driver/Src/stm32f4xx_hal_i2c.o
LOAD ./Drivers/STM32F4xx_HAL_Driver/Src/stm32f4xx_hal_i2c_ex.o
LOAD ./Drivers/STM32F4xx_HAL_Driver/Src/stm32f4xx_hal_pwr.o
LOAD ./Drivers/STM32F4xx_HAL_Driver/Src/stm32f4xx_hal_pwr_ex.o
LOAD ./Drivers/STM32F4xx_HAL_Driver/Src/stm32f4xx_hal_rcc.o
LOAD ./Drivers/STM32F4xx_HAL_Driver/Src/stm32f4xx_hal_rcc_ex.o
LOAD ./Drivers/STM32F4xx_HAL_Driver/Src/stm32f4xx_hal_spi.o
LOAD ./Drivers/STM32F4xx_HAL_Driver/Src/stm32f4xx_hal_tim.o
LOAD ./Drivers/STM32F4xx_HAL_Driver/Src/stm32f4xx_hal_tim_ex.o
LOAD ./Drivers/STM32F4xx_HAL_Driver/Src/stm32f4xx_hal_uart.o
LOAD ./Drivers/STM32F4xx_HAL_Driver/Src/stm32f4xx_ll_adc.o
START GROUP
LOAD c:/st/stm32cubeide_1.7.0/stm32cubeide/plugins/com.st.stm32cube.ide.mcu.externaltools.gnu-tools-for-stm32.9-2020-q2-update.win32_2.0.0.202105311346/tools/bin/../lib/gcc/arm-none-eabi/9.3.1/../../../../arm-none-eabi/lib/thumb/v7e-m+fp/hard\libc_nano.a
LOAD c:/st/stm32cubeide_1.7.0/stm32cubeide/plugins/com.st.stm32cube.ide.mcu.externaltools.gnu-tools-for-stm32.9-2020-q2-update.win32_2.0.0.202105311346/tools/bin/../lib/gcc/arm-none-eabi/9.3.1/../../../../arm-none-eabi/lib/thumb/v7e-m+fp/hard\libm.a
END GROUP
START GROUP
LOAD c:/st/stm32cubeide_1.7.0/stm32cubeide/plugins/com.st.stm32cube.ide.mcu.externaltools.gnu-tools-for-stm32.9-2020-q2-update.win32_2.0.0.202105311346/tools/bin/../lib/gcc/arm-none-eabi/9.3.1/thumb/v7e-m+fp/hard\libgcc.a
LOAD c:/st/stm32cubeide_1.7.0/stm32cubeide/plugins/com.st.stm32cube.ide.mcu.externaltools.gnu-tools-for-stm32.9-2020-q2-update.win32_2.0.0.202105311346/tools/bin/../lib/gcc/arm-none-eabi/9.3.1/../../../../arm-none-eabi/lib/thumb/v7e-m+fp/hard\libc_nano.a
END GROUP
START GROUP
LOAD c:/st/stm32cubeide_1.7.0/stm32cubeide/plugins/com.st.stm32cube.ide.mcu.externaltools.gnu-tools-for-stm32.9-2020-q2-update.win32_2.0.0.202105311346/tools/bin/../lib/gcc/arm-none-eabi/9.3.1/thumb/v7e-m+fp/hard\libgcc.a
LOAD c:/st/stm32cubeide_1.7.0/stm32cubeide/plugins/com.st.stm32cube.ide.mcu.externaltools.gnu-tools-for-stm32.9-2020-q2-update.win32_2.0.0.202105311346/tools/bin/../lib/gcc/arm-none-eabi/9.3.1/../../../../arm-none-eabi/lib/thumb/v7e-m+fp/hard\libc_nano.a
LOAD c:/st/stm32cubeide_1.7.0/stm32cubeide/plugins/com.st.stm32cube.ide.mcu.externaltools.gnu-tools-for-stm32.9-2020-q2-update.win32_2.0.0.202105311346/tools/bin/../lib/gcc/arm-none-eabi/9.3.1/../../../../arm-none-eabi/lib/thumb/v7e-m+fp/hard\libnosys.a
END GROUP
START GROUP
LOAD c:/st/stm32cubeide_1.7.0/stm32cubeide/plugins/com.st.stm32cube.ide.mcu.externaltools.gnu-tools-for-stm32.9-2020-q2-update.win32_2.0.0.202105311346/tools/bin/../lib/gcc/arm-none-eabi/9.3.1/thumb/v7e-m+fp/hard\libgcc.a
LOAD c:/st/stm32cubeide_1.7.0/stm32cubeide/plugins/com.st.stm32cube.ide.mcu.externaltools.gnu-tools-for-stm32.9-2020-q2-update.win32_2.0.0.202105311346/tools/bin/../lib/gcc/arm-none-eabi/9.3.1/../../../../arm-none-eabi/lib/thumb/v7e-m+fp/hard\libc_nano.a
LOAD c:/st/stm32cubeide_1.7.0/stm32cubeide/plugins/com.st.stm32cube.ide.mcu.externaltools.gnu-tools-for-stm32.9-2020-q2-update.win32_2.0.0.202105311346/tools/bin/../lib/gcc/arm-none-eabi/9.3.1/../../../../arm-none-eabi/lib/thumb/v7e-m+fp/hard\libnosys.a
END GROUP
LOAD c:/st/stm32cubeide_1.7.0/stm32cubeide/plugins/com.st.stm32cube.ide.mcu.externaltools.gnu-tools-for-stm32.9-2020-q2-update.win32_2.0.0.202105311346/tools/bin/../lib/gcc/arm-none-eabi/9.3.1/thumb/v7e-m+fp/hard/crtend.o
LOAD c:/st/stm32cubeide_1.7.0/stm32cubeide/plugins/com.st.stm32cube.ide.mcu.externaltools.gnu-tools-for-stm32.9-2020-q2-update.win32_2.0.0.202105311346/tools/bin/../lib/gcc/arm-none-eabi/9.3.1/thumb/v7e-m+fp/hard/crtn.o
                0x0000000020050000                _estack = (ORIGIN (RAM) + LENGTH (RAM))
                0x0000000000000200                _Min_Heap_Size = 0x200
                0x0000000000000400                _Min_Stack_Size = 0x400

.isr_vector     0x0000000008000000      0x1d8
                0x0000000008000000                . = ALIGN (0x4)
 *(.isr_vector)
 .isr_vector    0x0000000008000000      0x1d8 ./Core/Startup/startup_stm32f413vhtx.o
                0x0000000008000000                g_pfnVectors
                0x00000000080001d8                . = ALIGN (0x4)

.text           0x00000000080001d8     0x4c40
                0x00000000080001d8                . = ALIGN (0x4)
 *(.text)
 .text          0x00000000080001d8       0x40 c:/st/stm32cubeide_1.7.0/stm32cubeide/plugins/com.st.stm32cube.ide.mcu.externaltools.gnu-tools-for-stm32.9-2020-q2-update.win32_2.0.0.202105311346/tools/bin/../lib/gcc/arm-none-eabi/9.3.1/thumb/v7e-m+fp/hard/crtbegin.o
 .text          0x0000000008000218       0x30 c:/st/stm32cubeide_1.7.0/stm32cubeide/plugins/com.st.stm32cube.ide.mcu.externaltools.gnu-tools-for-stm32.9-2020-q2-update.win32_2.0.0.202105311346/tools/bin/../lib/gcc/arm-none-eabi/9.3.1/thumb/v7e-m+fp/hard\libgcc.a(_aeabi_uldivmod.o)
                0x0000000008000218                __aeabi_uldivmod
 .text          0x0000000008000248      0x2c4 c:/st/stm32cubeide_1.7.0/stm32cubeide/plugins/com.st.stm32cube.ide.mcu.externaltools.gnu-tools-for-stm32.9-2020-q2-update.win32_2.0.0.202105311346/tools/bin/../lib/gcc/arm-none-eabi/9.3.1/thumb/v7e-m+fp/hard\libgcc.a(_udivmoddi4.o)
                0x0000000008000248                __udivmoddi4
 .text          0x000000000800050c        0x4 c:/st/stm32cubeide_1.7.0/stm32cubeide/plugins/com.st.stm32cube.ide.mcu.externaltools.gnu-tools-for-stm32.9-2020-q2-update.win32_2.0.0.202105311346/tools/bin/../lib/gcc/arm-none-eabi/9.3.1/thumb/v7e-m+fp/hard\libgcc.a(_dvmd_tls.o)
                0x000000000800050c                __aeabi_idiv0
                0x000000000800050c                __aeabi_ldiv0
 *(.text*)
 .text.main     0x0000000008000510       0xd4 ./Core/Src/main.o
                0x0000000008000510                main
 .text.SystemClock_Config
                0x00000000080005e4       0xd8 ./Core/Src/main.o
                0x00000000080005e4                SystemClock_Config
 .text.MX_ADC1_Init
                0x00000000080006bc       0xa4 ./Core/Src/main.o
 .text.MX_I2C1_Init
                0x0000000008000760       0x5c ./Core/Src/main.o
 .text.MX_I2C2_Init
                0x00000000080007bc       0x5c ./Core/Src/main.o
 .text.MX_SPI1_Init
                0x0000000008000818       0x6c ./Core/Src/main.o
 .text.MX_SPI4_Init
                0x0000000008000884       0x6c ./Core/Src/main.o
 .text.MX_TIM9_Init
                0x00000000080008f0       0x8c ./Core/Src/main.o
 .text.MX_UART5_Init
                0x000000000800097c       0x54 ./Core/Src/main.o
 .text.MX_UART7_Init
                0x00000000080009d0       0x54 ./Core/Src/main.o
 .text.MX_UART8_Init
                0x0000000008000a24       0x54 ./Core/Src/main.o
 .text.MX_UART9_Init
                0x0000000008000a78       0x54 ./Core/Src/main.o
 .text.MX_USART2_UART_Init
                0x0000000008000acc       0x54 ./Core/Src/main.o
 .text.MX_USART6_UART_Init
                0x0000000008000b20       0x54 ./Core/Src/main.o
 .text.MX_GPIO_Init
                0x0000000008000b74      0x2cc ./Core/Src/main.o
 .text.Error_Handler
                0x0000000008000e40        0xa ./Core/Src/main.o
                0x0000000008000e40                Error_Handler
 *fill*         0x0000000008000e4a        0x2 
 .text.HAL_MspInit
                0x0000000008000e4c       0x50 ./Core/Src/stm32f4xx_hal_msp.o
                0x0000000008000e4c                HAL_MspInit
 .text.HAL_ADC_MspInit
                0x0000000008000e9c       0x88 ./Core/Src/stm32f4xx_hal_msp.o
                0x0000000008000e9c                HAL_ADC_MspInit
 .text.HAL_I2C_MspInit
                0x0000000008000f24      0x11c ./Core/Src/stm32f4xx_hal_msp.o
                0x0000000008000f24                HAL_I2C_MspInit
 .text.HAL_SPI_MspInit
                0x0000000008001040       0xfc ./Core/Src/stm32f4xx_hal_msp.o
                0x0000000008001040                HAL_SPI_MspInit
 .text.HAL_TIM_PWM_MspInit
                0x000000000800113c       0x50 ./Core/Src/stm32f4xx_hal_msp.o
                0x000000000800113c                HAL_TIM_PWM_MspInit
 .text.HAL_TIM_MspPostInit
                0x000000000800118c       0x74 ./Core/Src/stm32f4xx_hal_msp.o
                0x000000000800118c                HAL_TIM_MspPostInit
 .text.HAL_UART_MspInit
                0x0000000008001200      0x2ac ./Core/Src/stm32f4xx_hal_msp.o
                0x0000000008001200                HAL_UART_MspInit
 .text.NMI_Handler
                0x00000000080014ac        0xa ./Core/Src/stm32f4xx_it.o
                0x00000000080014ac                NMI_Handler
 .text.HardFault_Handler
                0x00000000080014b6        0x6 ./Core/Src/stm32f4xx_it.o
                0x00000000080014b6                HardFault_Handler
 .text.MemManage_Handler
                0x00000000080014bc        0x6 ./Core/Src/stm32f4xx_it.o
                0x00000000080014bc                MemManage_Handler
 .text.BusFault_Handler
                0x00000000080014c2        0x6 ./Core/Src/stm32f4xx_it.o
                0x00000000080014c2                BusFault_Handler
 .text.UsageFault_Handler
                0x00000000080014c8        0x6 ./Core/Src/stm32f4xx_it.o
                0x00000000080014c8                UsageFault_Handler
 .text.SVC_Handler
                0x00000000080014ce        0xe ./Core/Src/stm32f4xx_it.o
                0x00000000080014ce                SVC_Handler
 .text.DebugMon_Handler
                0x00000000080014dc        0xe ./Core/Src/stm32f4xx_it.o
                0x00000000080014dc                DebugMon_Handler
 .text.PendSV_Handler
                0x00000000080014ea        0xe ./Core/Src/stm32f4xx_it.o
                0x00000000080014ea                PendSV_Handler
 .text.SysTick_Handler
                0x00000000080014f8        0xc ./Core/Src/stm32f4xx_it.o
                0x00000000080014f8                SysTick_Handler
 .text.TIM1_BRK_TIM9_IRQHandler
                0x0000000008001504       0x14 ./Core/Src/stm32f4xx_it.o
                0x0000000008001504                TIM1_BRK_TIM9_IRQHandler
 .text.SystemInit
                0x0000000008001518       0x24 ./Core/Src/system_stm32f4xx.o
                0x0000000008001518                SystemInit
 .text.Reset_Handler
                0x000000000800153c       0x50 ./Core/Startup/startup_stm32f413vhtx.o
                0x000000000800153c                Reset_Handler
 .text.Default_Handler
                0x000000000800158c        0x2 ./Core/Startup/startup_stm32f413vhtx.o
                0x000000000800158c                RTC_Alarm_IRQHandler
                0x000000000800158c                EXTI2_IRQHandler
                0x000000000800158c                TIM8_CC_IRQHandler
                0x000000000800158c                UART8_IRQHandler
                0x000000000800158c                FMPI2C1_EV_IRQHandler
                0x000000000800158c                SPI4_IRQHandler
                0x000000000800158c                TIM1_CC_IRQHandler
                0x000000000800158c                DMA2_Stream5_IRQHandler
                0x000000000800158c                DMA1_Stream5_IRQHandler
                0x000000000800158c                CAN3_RX1_IRQHandler
                0x000000000800158c                PVD_IRQHandler
                0x000000000800158c                SDIO_IRQHandler
                0x000000000800158c                TAMP_STAMP_IRQHandler
                0x000000000800158c                CAN2_RX1_IRQHandler
                0x000000000800158c                EXTI3_IRQHandler
                0x000000000800158c                TIM8_TRG_COM_TIM14_IRQHandler
                0x000000000800158c                DFSDM1_FLT1_IRQHandler
                0x000000000800158c                TIM1_UP_TIM10_IRQHandler
                0x000000000800158c                TIM8_UP_TIM13_IRQHandler
                0x000000000800158c                I2C3_ER_IRQHandler
                0x000000000800158c                EXTI0_IRQHandler
                0x000000000800158c                I2C2_EV_IRQHandler
                0x000000000800158c                DMA1_Stream2_IRQHandler
                0x000000000800158c                CAN1_RX0_IRQHandler
                0x000000000800158c                FPU_IRQHandler
                0x000000000800158c                CAN3_SCE_IRQHandler
                0x000000000800158c                CAN2_SCE_IRQHandler
                0x000000000800158c                DMA2_Stream2_IRQHandler
                0x000000000800158c                SPI1_IRQHandler
                0x000000000800158c                TIM6_DAC_IRQHandler
                0x000000000800158c                CAN2_RX0_IRQHandler
                0x000000000800158c                DMA2_Stream3_IRQHandler
                0x000000000800158c                USART6_IRQHandler
                0x000000000800158c                CAN3_RX0_IRQHandler
                0x000000000800158c                USART3_IRQHandler
                0x000000000800158c                DFSDM2_FLT3_IRQHandler
                0x000000000800158c                CAN1_RX1_IRQHandler
                0x000000000800158c                UART5_IRQHandler
                0x000000000800158c                DMA2_Stream0_IRQHandler
                0x000000000800158c                TIM4_IRQHandler
                0x000000000800158c                QUADSPI_IRQHandler
                0x000000000800158c                I2C1_EV_IRQHandler
                0x000000000800158c                DMA1_Stream6_IRQHandler
                0x000000000800158c                DMA1_Stream1_IRQHandler
                0x000000000800158c                UART4_IRQHandler
                0x000000000800158c                TIM3_IRQHandler
                0x000000000800158c                RCC_IRQHandler
                0x000000000800158c                UART9_IRQHandler
                0x000000000800158c                TIM8_BRK_TIM12_IRQHandler
                0x000000000800158c                Default_Handler
                0x000000000800158c                EXTI15_10_IRQHandler
                0x000000000800158c                ADC_IRQHandler
                0x000000000800158c                DMA1_Stream7_IRQHandler
                0x000000000800158c                DFSDM2_FLT0_IRQHandler
                0x000000000800158c                SPI5_IRQHandler
                0x000000000800158c                TIM7_IRQHandler
                0x000000000800158c                CAN2_TX_IRQHandler
                0x000000000800158c                TIM5_IRQHandler
                0x000000000800158c                DMA2_Stream7_IRQHandler
                0x000000000800158c                I2C3_EV_IRQHandler
                0x000000000800158c                DFSDM2_FLT2_IRQHandler
                0x000000000800158c                EXTI9_5_IRQHandler
                0x000000000800158c                RTC_WKUP_IRQHandler
                0x000000000800158c                SPI2_IRQHandler
                0x000000000800158c                DMA1_Stream0_IRQHandler
                0x000000000800158c                CAN1_TX_IRQHandler
                0x000000000800158c                FMPI2C1_ER_IRQHandler
                0x000000000800158c                EXTI4_IRQHandler
                0x000000000800158c                DFSDM2_FLT1_IRQHandler
                0x000000000800158c                RNG_IRQHandler
                0x000000000800158c                FSMC_IRQHandler
                0x000000000800158c                WWDG_IRQHandler
                0x000000000800158c                CAN3_TX_IRQHandler
                0x000000000800158c                TIM2_IRQHandler
                0x000000000800158c                OTG_FS_WKUP_IRQHandler
                0x000000000800158c                TIM1_TRG_COM_TIM11_IRQHandler
                0x000000000800158c                EXTI1_IRQHandler
                0x000000000800158c                UART7_IRQHandler
                0x000000000800158c                USART2_IRQHandler
                0x000000000800158c                DFSDM1_FLT0_IRQHandler
                0x000000000800158c                I2C2_ER_IRQHandler
                0x000000000800158c                DMA2_Stream1_IRQHandler
                0x000000000800158c                CAN1_SCE_IRQHandler
                0x000000000800158c                FLASH_IRQHandler
                0x000000000800158c                DMA2_Stream4_IRQHandler
                0x000000000800158c                USART1_IRQHandler
                0x000000000800158c                OTG_FS_IRQHandler
                0x000000000800158c                SPI3_IRQHandler
                0x000000000800158c                DMA1_Stream4_IRQHandler
                0x000000000800158c                I2C1_ER_IRQHandler
                0x000000000800158c                LPTIM1_IRQHandler
                0x000000000800158c                DMA2_Stream6_IRQHandler
                0x000000000800158c                UART10_IRQHandler
                0x000000000800158c                SAI1_IRQHandler
                0x000000000800158c                DMA1_Stream3_IRQHandler
 .text.DoPWM_Buzzer
                0x000000000800158e       0x40 ./Core/apps/Buzzer.o
                0x000000000800158e                DoPWM_Buzzer
 *fill*         0x00000000080015ce        0x2 
 .text.EnableBuzzer
                0x00000000080015d0       0x18 ./Core/apps/Buzzer.o
                0x00000000080015d0                EnableBuzzer
 .text.DisableBuzzer
                0x00000000080015e8       0x18 ./Core/apps/Buzzer.o
                0x00000000080015e8                DisableBuzzer
 .text.UpdateBuzzerTimer
                0x0000000008001600       0x94 ./Core/apps/Buzzer.o
                0x0000000008001600                UpdateBuzzerTimer
 .text.DoTimedBeep
                0x0000000008001694       0x1c ./Core/apps/Buzzer.o
                0x0000000008001694                DoTimedBeep
 .text.DoNormalBeep
                0x00000000080016b0       0x14 ./Core/apps/Buzzer.o
                0x00000000080016b0                DoNormalBeep
 .text.DoErrorBeep
                0x00000000080016c4       0x14 ./Core/apps/Buzzer.o
                0x00000000080016c4                DoErrorBeep
 .text.doBeepControl
                0x00000000080016d8       0xb4 ./Core/apps/Buzzer.o
                0x00000000080016d8                doBeepControl
 .text.doApplication
                0x000000000800178c       0x7c ./Core/apps/appMain.o
                0x000000000800178c                doApplication
 .text.MainScreenEnter
                0x0000000008001808       0x24 ./Core/apps/keypad_display.o
                0x0000000008001808                MainScreenEnter
 .text.OutputControlScreenEsc
                0x000000000800182c       0x18 ./Core/apps/keypad_display.o
                0x000000000800182c                OutputControlScreenEsc
 .text.OutputControlScreenEnter
                0x0000000008001844        0xe ./Core/apps/keypad_display.o
                0x0000000008001844                OutputControlScreenEnter
 *fill*         0x0000000008001852        0x2 
 .text.OutputControlScreenRight
                0x0000000008001854       0x2c ./Core/apps/keypad_display.o
                0x0000000008001854                OutputControlScreenRight
 .text.OutputControlScreenLeft
                0x0000000008001880       0x2c ./Core/apps/keypad_display.o
                0x0000000008001880                OutputControlScreenLeft
 .text.OutputControlScreenUp
                0x00000000080018ac       0x2c ./Core/apps/keypad_display.o
                0x00000000080018ac                OutputControlScreenUp
 .text.OutputControlScreenDown
                0x00000000080018d8       0x2c ./Core/apps/keypad_display.o
                0x00000000080018d8                OutputControlScreenDown
 .text.OutputControlScreenState
                0x0000000008001904       0x2c ./Core/apps/keypad_display.o
                0x0000000008001904                OutputControlScreenState
 .text.MenuScreenEsc
                0x0000000008001930       0x18 ./Core/apps/keypad_display.o
                0x0000000008001930                MenuScreenEsc
 .text.MenuScreenEnter
                0x0000000008001948       0x44 ./Core/apps/keypad_display.o
                0x0000000008001948                MenuScreenEnter
 .text.MenuScreenUp
                0x000000000800198c       0x2c ./Core/apps/keypad_display.o
                0x000000000800198c                MenuScreenUp
 .text.MenuScreenDown
                0x00000000080019b8       0x2c ./Core/apps/keypad_display.o
                0x00000000080019b8                MenuScreenDown
 .text.AboutScreenEsc
                0x00000000080019e4       0x18 ./Core/apps/keypad_display.o
                0x00000000080019e4                AboutScreenEsc
 .text.doDisplay
                0x00000000080019fc      0x10c ./Core/apps/keypad_display.o
                0x00000000080019fc                doDisplay
 .text.UpdateLEDoutputs
                0x0000000008001b08       0x7c ./Core/apps/leds.o
                0x0000000008001b08                UpdateLEDoutputs
 .text.TurnLEDon
                0x0000000008001b84       0x2e ./Core/apps/leds.o
                0x0000000008001b84                TurnLEDon
 .text.TurnLEDoff
                0x0000000008001bb2       0x34 ./Core/apps/leds.o
                0x0000000008001bb2                TurnLEDoff
 .text.LEDisON  0x0000000008001be6       0x2c ./Core/apps/leds.o
                0x0000000008001be6                LEDisON
 .text.ToggleLEDstate
                0x0000000008001c12       0x3a ./Core/apps/leds.o
                0x0000000008001c12                ToggleLEDstate
 .text.SetLEDstate
                0x0000000008001c4c       0x36 ./Core/apps/leds.o
                0x0000000008001c4c                SetLEDstate
 *fill*         0x0000000008001c82        0x2 
 .text.ESlowFlashLED
                0x0000000008001c84       0x38 ./Core/apps/leds.o
                0x0000000008001c84                ESlowFlashLED
 .text.FlashLED
                0x0000000008001cbc       0x34 ./Core/apps/leds.o
                0x0000000008001cbc                FlashLED
 .text.FastFlashLED
                0x0000000008001cf0       0x4c ./Core/apps/leds.o
                0x0000000008001cf0                FastFlashLED
 .text.UpdateAllSwitches
                0x0000000008001d3c      0x150 ./Core/apps/switches.o
                0x0000000008001d3c                UpdateAllSwitches
 .text.GetButtonStatusPressed
                0x0000000008001e8c       0x28 ./Core/apps/switches.o
                0x0000000008001e8c                GetButtonStatusPressed
 .text.NumberOfSetBits
                0x0000000008001eb4       0x3a ./Core/apps/switches.o
                0x0000000008001eb4                NumberOfSetBits
 *fill*         0x0000000008001eee        0x2 
 .text.IndexToMask
                0x0000000008001ef0       0x48 ./Core/apps/switches.o
                0x0000000008001ef0                IndexToMask
 .text.GetKeyBit
                0x0000000008001f38       0x28 ./Core/apps/switches.o
                0x0000000008001f38                GetKeyBit
 .text.UpdateSwitchRaw
                0x0000000008001f60       0x4a ./Core/apps/switches.o
                0x0000000008001f60                UpdateSwitchRaw
 *fill*         0x0000000008001faa        0x2 
 .text.ButtonEventType
                0x0000000008001fac       0x50 ./Core/apps/switches.o
                0x0000000008001fac                ButtonEventType
 .text.FindTimedButtonEvent
                0x0000000008001ffc       0x78 ./Core/apps/switches.o
                0x0000000008001ffc                FindTimedButtonEvent
 .text.ButtonNotUsed
                0x0000000008002074       0x3e ./Core/apps/switches.o
                0x0000000008002074                ButtonNotUsed
 .text.FindButtonEvent
                0x00000000080020b2       0x6a ./Core/apps/switches.o
                0x00000000080020b2                FindButtonEvent
 .text.GetButtonPattern
                0x000000000800211c       0x6c ./Core/apps/switches.o
                0x000000000800211c                GetButtonPattern
 .text.GetButtonEvent
                0x0000000008002188       0xf8 ./Core/apps/switches.o
                0x0000000008002188                GetButtonEvent
 .text.SinglePressBeep
                0x0000000008002280       0x6c ./Core/apps/switches.o
                0x0000000008002280                SinglePressBeep
 .text.DoButtonFunction
                0x00000000080022ec       0x32 ./Core/apps/switches.o
                0x00000000080022ec                DoButtonFunction
 .text.FindForcedButtonEvent
                0x000000000800231e       0x90 ./Core/apps/switches.o
                0x000000000800231e                FindForcedButtonEvent
 .text.CallFunction
                0x00000000080023ae       0x26 ./Core/apps/switches.o
                0x00000000080023ae                CallFunction
 .text.DoTimers
                0x00000000080023d4      0x12c ./Core/apps/timebasetimer.o
                0x00000000080023d4                DoTimers
 .text.HAL_IncTick
                0x0000000008002500       0x38 ./Core/apps/timebasetimer.o
                0x0000000008002500                HAL_IncTick
 .text.HAL_Init
                0x0000000008002538       0x44 ./Drivers/STM32F4xx_HAL_Driver/Src/stm32f4xx_hal.o
                0x0000000008002538                HAL_Init
 .text.HAL_InitTick
                0x000000000800257c       0x60 ./Drivers/STM32F4xx_HAL_Driver/Src/stm32f4xx_hal.o
                0x000000000800257c                HAL_InitTick
 .text.HAL_GetTick
                0x00000000080025dc       0x18 ./Drivers/STM32F4xx_HAL_Driver/Src/stm32f4xx_hal.o
                0x00000000080025dc                HAL_GetTick
 .text.HAL_ADC_Init
                0x00000000080025f4       0x86 ./Drivers/STM32F4xx_HAL_Driver/Src/stm32f4xx_hal_adc.o
                0x00000000080025f4                HAL_ADC_Init
 *fill*         0x000000000800267a        0x2 
 .text.HAL_ADC_ConfigChannel
                0x000000000800267c      0x264 ./Drivers/STM32F4xx_HAL_Driver/Src/stm32f4xx_hal_adc.o
                0x000000000800267c                HAL_ADC_ConfigChannel
 .text.ADC_Init
                0x00000000080028e0      0x1f8 ./Drivers/STM32F4xx_HAL_Driver/Src/stm32f4xx_hal_adc.o
 .text.__NVIC_SetPriorityGrouping
                0x0000000008002ad8       0x48 ./Drivers/STM32F4xx_HAL_Driver/Src/stm32f4xx_hal_cortex.o
 .text.__NVIC_GetPriorityGrouping
                0x0000000008002b20       0x1c ./Drivers/STM32F4xx_HAL_Driver/Src/stm32f4xx_hal_cortex.o
 .text.__NVIC_EnableIRQ
                0x0000000008002b3c       0x3c ./Drivers/STM32F4xx_HAL_Driver/Src/stm32f4xx_hal_cortex.o
 .text.__NVIC_SetPriority
                0x0000000008002b78       0x54 ./Drivers/STM32F4xx_HAL_Driver/Src/stm32f4xx_hal_cortex.o
 .text.NVIC_EncodePriority
                0x0000000008002bcc       0x66 ./Drivers/STM32F4xx_HAL_Driver/Src/stm32f4xx_hal_cortex.o
 *fill*         0x0000000008002c32        0x2 
 .text.SysTick_Config
                0x0000000008002c34       0x44 ./Drivers/STM32F4xx_HAL_Driver/Src/stm32f4xx_hal_cortex.o
 .text.HAL_NVIC_SetPriorityGrouping
                0x0000000008002c78       0x16 ./Drivers/STM32F4xx_HAL_Driver/Src/stm32f4xx_hal_cortex.o
                0x0000000008002c78                HAL_NVIC_SetPriorityGrouping
 .text.HAL_NVIC_SetPriority
                0x0000000008002c8e       0x38 ./Drivers/STM32F4xx_HAL_Driver/Src/stm32f4xx_hal_cortex.o
                0x0000000008002c8e                HAL_NVIC_SetPriority
 .text.HAL_NVIC_EnableIRQ
                0x0000000008002cc6       0x1c ./Drivers/STM32F4xx_HAL_Driver/Src/stm32f4xx_hal_cortex.o
                0x0000000008002cc6                HAL_NVIC_EnableIRQ
 .text.HAL_SYSTICK_Config
                0x0000000008002ce2       0x18 ./Drivers/STM32F4xx_HAL_Driver/Src/stm32f4xx_hal_cortex.o
                0x0000000008002ce2                HAL_SYSTICK_Config
 *fill*         0x0000000008002cfa        0x2 
 .text.HAL_GPIO_Init
                0x0000000008002cfc      0x328 ./Drivers/STM32F4xx_HAL_Driver/Src/stm32f4xx_hal_gpio.o
                0x0000000008002cfc                HAL_GPIO_Init
 .text.HAL_GPIO_WritePin
                0x0000000008003024       0x32 ./Drivers/STM32F4xx_HAL_Driver/Src/stm32f4xx_hal_gpio.o
                0x0000000008003024                HAL_GPIO_WritePin
 *fill*         0x0000000008003056        0x2 
 .text.HAL_I2C_Init
                0x0000000008003058      0x288 ./Drivers/STM32F4xx_HAL_Driver/Src/stm32f4xx_hal_i2c.o
                0x0000000008003058                HAL_I2C_Init
 .text.HAL_RCC_ClockConfig
                0x00000000080032e0      0x1cc ./Drivers/STM32F4xx_HAL_Driver/Src/stm32f4xx_hal_rcc.o
                0x00000000080032e0                HAL_RCC_ClockConfig
 .text.HAL_RCC_EnableCSS
                0x00000000080034ac       0x18 ./Drivers/STM32F4xx_HAL_Driver/Src/stm32f4xx_hal_rcc.o
                0x00000000080034ac                HAL_RCC_EnableCSS
 .text.HAL_RCC_GetSysClockFreq
                0x00000000080034c4      0x1c4 ./Drivers/STM32F4xx_HAL_Driver/Src/stm32f4xx_hal_rcc.o
                0x00000000080034c4                HAL_RCC_GetSysClockFreq
 .text.HAL_RCC_GetHCLKFreq
                0x0000000008003688       0x18 ./Drivers/STM32F4xx_HAL_Driver/Src/stm32f4xx_hal_rcc.o
                0x0000000008003688                HAL_RCC_GetHCLKFreq
 .text.HAL_RCC_GetPCLK1Freq
                0x00000000080036a0       0x28 ./Drivers/STM32F4xx_HAL_Driver/Src/stm32f4xx_hal_rcc.o
                0x00000000080036a0                HAL_RCC_GetPCLK1Freq
 .text.HAL_RCC_GetPCLK2Freq
                0x00000000080036c8       0x28 ./Drivers/STM32F4xx_HAL_Driver/Src/stm32f4xx_hal_rcc.o
                0x00000000080036c8                HAL_RCC_GetPCLK2Freq
 .text.HAL_RCC_NMI_IRQHandler
                0x00000000080036f0       0x28 ./Drivers/STM32F4xx_HAL_Driver/Src/stm32f4xx_hal_rcc.o
                0x00000000080036f0                HAL_RCC_NMI_IRQHandler
 .text.HAL_RCC_CSSCallback
                0x0000000008003718        0xe ./Drivers/STM32F4xx_HAL_Driver/Src/stm32f4xx_hal_rcc.o
                0x0000000008003718                HAL_RCC_CSSCallback
 *fill*         0x0000000008003726        0x2 
 .text.HAL_RCC_OscConfig
                0x0000000008003728      0x508 ./Drivers/STM32F4xx_HAL_Driver/Src/stm32f4xx_hal_rcc_ex.o
                0x0000000008003728                HAL_RCC_OscConfig
 .text.HAL_SPI_Init
                0x0000000008003c30      0x112 ./Drivers/STM32F4xx_HAL_Driver/Src/stm32f4xx_hal_spi.o
                0x0000000008003c30                HAL_SPI_Init
 *fill*         0x0000000008003d42        0x2 
 .text.HAL_TIM_Base_Start_IT
                0x0000000008003d44       0xe0 ./Drivers/STM32F4xx_HAL_Driver/Src/stm32f4xx_hal_tim.o
                0x0000000008003d44                HAL_TIM_Base_Start_IT
 .text.HAL_TIM_PWM_Init
                0x0000000008003e24       0x9e ./Drivers/STM32F4xx_HAL_Driver/Src/stm32f4xx_hal_tim.o
                0x0000000008003e24                HAL_TIM_PWM_Init
 *fill*         0x0000000008003ec2        0x2 
 .text.HAL_TIM_PWM_Start
                0x0000000008003ec4      0x190 ./Drivers/STM32F4xx_HAL_Driver/Src/stm32f4xx_hal_tim.o
                0x0000000008003ec4                HAL_TIM_PWM_Start
 .text.HAL_TIM_IRQHandler
                0x0000000008004054      0x210 ./Drivers/STM32F4xx_HAL_Driver/Src/stm32f4xx_hal_tim.o
                0x0000000008004054                HAL_TIM_IRQHandler
 .text.HAL_TIM_PWM_ConfigChannel
                0x0000000008004264      0x184 ./Drivers/STM32F4xx_HAL_Driver/Src/stm32f4xx_hal_tim.o
                0x0000000008004264                HAL_TIM_PWM_ConfigChannel
 .text.HAL_TIM_PeriodElapsedCallback
                0x00000000080043e8       0x14 ./Drivers/STM32F4xx_HAL_Driver/Src/stm32f4xx_hal_tim.o
                0x00000000080043e8                HAL_TIM_PeriodElapsedCallback
 .text.HAL_TIM_OC_DelayElapsedCallback
                0x00000000080043fc       0x14 ./Drivers/STM32F4xx_HAL_Driver/Src/stm32f4xx_hal_tim.o
                0x00000000080043fc                HAL_TIM_OC_DelayElapsedCallback
 .text.HAL_TIM_IC_CaptureCallback
                0x0000000008004410       0x14 ./Drivers/STM32F4xx_HAL_Driver/Src/stm32f4xx_hal_tim.o
                0x0000000008004410                HAL_TIM_IC_CaptureCallback
 .text.HAL_TIM_PWM_PulseFinishedCallback
                0x0000000008004424       0x14 ./Drivers/STM32F4xx_HAL_Driver/Src/stm32f4xx_hal_tim.o
                0x0000000008004424                HAL_TIM_PWM_PulseFinishedCallback
 .text.HAL_TIM_TriggerCallback
                0x0000000008004438       0x14 ./Drivers/STM32F4xx_HAL_Driver/Src/stm32f4xx_hal_tim.o
                0x0000000008004438                HAL_TIM_TriggerCallback
 .text.TIM_Base_SetConfig
                0x000000000800444c      0x140 ./Drivers/STM32F4xx_HAL_Driver/Src/stm32f4xx_hal_tim.o
                0x000000000800444c                TIM_Base_SetConfig
 .text.TIM_OC1_SetConfig
                0x000000000800458c       0xe0 ./Drivers/STM32F4xx_HAL_Driver/Src/stm32f4xx_hal_tim.o
 .text.TIM_OC2_SetConfig
                0x000000000800466c       0xec ./Drivers/STM32F4xx_HAL_Driver/Src/stm32f4xx_hal_tim.o
                0x000000000800466c                TIM_OC2_SetConfig
 .text.TIM_OC3_SetConfig
                0x0000000008004758       0xe8 ./Drivers/STM32F4xx_HAL_Driver/Src/stm32f4xx_hal_tim.o
 .text.TIM_OC4_SetConfig
                0x0000000008004840       0xac ./Drivers/STM32F4xx_HAL_Driver/Src/stm32f4xx_hal_tim.o
 .text.TIM_CCxChannelCmd
                0x00000000080048ec       0x4a ./Drivers/STM32F4xx_HAL_Driver/Src/stm32f4xx_hal_tim.o
                0x00000000080048ec                TIM_CCxChannelCmd
 .text.HAL_TIMEx_CommutCallback
                0x0000000008004936       0x14 ./Drivers/STM32F4xx_HAL_Driver/Src/stm32f4xx_hal_tim_ex.o
                0x0000000008004936                HAL_TIMEx_CommutCallback
 .text.HAL_TIMEx_BreakCallback
                0x000000000800494a       0x14 ./Drivers/STM32F4xx_HAL_Driver/Src/stm32f4xx_hal_tim_ex.o
                0x000000000800494a                HAL_TIMEx_BreakCallback
 .text.HAL_UART_Init
                0x000000000800495e       0x9a ./Drivers/STM32F4xx_HAL_Driver/Src/stm32f4xx_hal_uart.o
                0x000000000800495e                HAL_UART_Init
 .text.UART_SetConfig
                0x00000000080049f8      0x3b0 ./Drivers/STM32F4xx_HAL_Driver/Src/stm32f4xx_hal_uart.o
 .text.__libc_init_array
                0x0000000008004da8       0x48 c:/st/stm32cubeide_1.7.0/stm32cubeide/plugins/com.st.stm32cube.ide.mcu.externaltools.gnu-tools-for-stm32.9-2020-q2-update.win32_2.0.0.202105311346/tools/bin/../lib/gcc/arm-none-eabi/9.3.1/../../../../arm-none-eabi/lib/thumb/v7e-m+fp/hard\libc_nano.a(lib_a-init.o)
                0x0000000008004da8                __libc_init_array
 .text.memset   0x0000000008004df0       0x10 c:/st/stm32cubeide_1.7.0/stm32cubeide/plugins/com.st.stm32cube.ide.mcu.externaltools.gnu-tools-for-stm32.9-2020-q2-update.win32_2.0.0.202105311346/tools/bin/../lib/gcc/arm-none-eabi/9.3.1/../../../../arm-none-eabi/lib/thumb/v7e-m+fp/hard\libc_nano.a(lib_a-memset.o)
                0x0000000008004df0                memset
 *(.glue_7)
 .glue_7        0x0000000008004e00        0x0 linker stubs
 *(.glue_7t)
 .glue_7t       0x0000000008004e00        0x0 linker stubs
 *(.eh_frame)
 .eh_frame      0x0000000008004e00        0x0 c:/st/stm32cubeide_1.7.0/stm32cubeide/plugins/com.st.stm32cube.ide.mcu.externaltools.gnu-tools-for-stm32.9-2020-q2-update.win32_2.0.0.202105311346/tools/bin/../lib/gcc/arm-none-eabi/9.3.1/thumb/v7e-m+fp/hard/crtbegin.o
 *(.init)
 .init          0x0000000008004e00        0x4 c:/st/stm32cubeide_1.7.0/stm32cubeide/plugins/com.st.stm32cube.ide.mcu.externaltools.gnu-tools-for-stm32.9-2020-q2-update.win32_2.0.0.202105311346/tools/bin/../lib/gcc/arm-none-eabi/9.3.1/thumb/v7e-m+fp/hard/crti.o
                0x0000000008004e00                _init
 .init          0x0000000008004e04        0x8 c:/st/stm32cubeide_1.7.0/stm32cubeide/plugins/com.st.stm32cube.ide.mcu.externaltools.gnu-tools-for-stm32.9-2020-q2-update.win32_2.0.0.202105311346/tools/bin/../lib/gcc/arm-none-eabi/9.3.1/thumb/v7e-m+fp/hard/crtn.o
 *(.fini)
 .fini          0x0000000008004e0c        0x4 c:/st/stm32cubeide_1.7.0/stm32cubeide/plugins/com.st.stm32cube.ide.mcu.externaltools.gnu-tools-for-stm32.9-2020-q2-update.win32_2.0.0.202105311346/tools/bin/../lib/gcc/arm-none-eabi/9.3.1/thumb/v7e-m+fp/hard/crti.o
                0x0000000008004e0c                _fini
 .fini          0x0000000008004e10        0x8 c:/st/stm32cubeide_1.7.0/stm32cubeide/plugins/com.st.stm32cube.ide.mcu.externaltools.gnu-tools-for-stm32.9-2020-q2-update.win32_2.0.0.202105311346/tools/bin/../lib/gcc/arm-none-eabi/9.3.1/thumb/v7e-m+fp/hard/crtn.o
                0x0000000008004e18                . = ALIGN (0x4)
                0x0000000008004e18                _etext = .

.vfp11_veneer   0x0000000008004e18        0x0
 .vfp11_veneer  0x0000000008004e18        0x0 linker stubs

.v4_bx          0x0000000008004e18        0x0
 .v4_bx         0x0000000008004e18        0x0 linker stubs

.iplt           0x0000000008004e18        0x0
 .iplt          0x0000000008004e18        0x0 c:/st/stm32cubeide_1.7.0/stm32cubeide/plugins/com.st.stm32cube.ide.mcu.externaltools.gnu-tools-for-stm32.9-2020-q2-update.win32_2.0.0.202105311346/tools/bin/../lib/gcc/arm-none-eabi/9.3.1/thumb/v7e-m+fp/hard/crtbegin.o

.rodata         0x0000000008004e18       0xb0
                0x0000000008004e18                . = ALIGN (0x4)
 *(.rodata)
 *(.rodata*)
 .rodata.AHBPrescTable
                0x0000000008004e18       0x10 ./Core/Src/system_stm32f4xx.o
                0x0000000008004e18                AHBPrescTable
 .rodata.APBPrescTable
                0x0000000008004e28        0x8 ./Core/Src/system_stm32f4xx.o
                0x0000000008004e28                APBPrescTable
 .rodata.UpDownEscOKButtons
                0x0000000008004e30       0x14 ./Core/apps/keypad_display.o
                0x0000000008004e30                UpDownEscOKButtons
 .rodata.EnterButtonAct
                0x0000000008004e44        0x8 ./Core/apps/keypad_display.o
                0x0000000008004e44                EnterButtonAct
 .rodata.EscButtonDeact
                0x0000000008004e4c        0x8 ./Core/apps/keypad_display.o
                0x0000000008004e4c                EscButtonDeact
 .rodata.AllButtons
                0x0000000008004e54       0x1c ./Core/apps/keypad_display.o
                0x0000000008004e54                AllButtons
 .rodata.MainScreenFunctionTable
                0x0000000008004e70        0x4 ./Core/apps/keypad_display.o
                0x0000000008004e70                MainScreenFunctionTable
 .rodata.OutputControlScreenFunctionTable
                0x0000000008004e74       0x18 ./Core/apps/keypad_display.o
                0x0000000008004e74                OutputControlScreenFunctionTable
 .rodata.MenuFunctionTable
                0x0000000008004e8c       0x10 ./Core/apps/keypad_display.o
                0x0000000008004e8c                MenuFunctionTable
 .rodata.AboutFunctionTable
                0x0000000008004e9c        0x4 ./Core/apps/keypad_display.o
                0x0000000008004e9c                AboutFunctionTable
 .rodata.IndexToMaskTable
                0x0000000008004ea0       0x1c ./Core/apps/switches.o
                0x0000000008004ea0                IndexToMaskTable
 .rodata.SwitchEnumTable
                0x0000000008004ebc        0xc ./Core/apps/switches.o
                0x0000000008004ebc                SwitchEnumTable
                0x0000000008004ec8                . = ALIGN (0x4)

.ARM.extab      0x0000000008004ec8        0x0
                0x0000000008004ec8                . = ALIGN (0x4)
 *(.ARM.extab* .gnu.linkonce.armextab.*)
                0x0000000008004ec8                . = ALIGN (0x4)

.ARM            0x0000000008004ec8        0x8
                0x0000000008004ec8                . = ALIGN (0x4)
                0x0000000008004ec8                __exidx_start = .
 *(.ARM.exidx*)
 .ARM.exidx     0x0000000008004ec8        0x8 c:/st/stm32cubeide_1.7.0/stm32cubeide/plugins/com.st.stm32cube.ide.mcu.externaltools.gnu-tools-for-stm32.9-2020-q2-update.win32_2.0.0.202105311346/tools/bin/../lib/gcc/arm-none-eabi/9.3.1/thumb/v7e-m+fp/hard\libgcc.a(_udivmoddi4.o)
                0x0000000008004ed0                __exidx_end = .
                0x0000000008004ed0                . = ALIGN (0x4)

.rel.dyn        0x0000000008004ed0        0x0
 .rel.iplt      0x0000000008004ed0        0x0 c:/st/stm32cubeide_1.7.0/stm32cubeide/plugins/com.st.stm32cube.ide.mcu.externaltools.gnu-tools-for-stm32.9-2020-q2-update.win32_2.0.0.202105311346/tools/bin/../lib/gcc/arm-none-eabi/9.3.1/thumb/v7e-m+fp/hard/crtbegin.o

.preinit_array  0x0000000008004ed0        0x0
                0x0000000008004ed0                . = ALIGN (0x4)
                0x0000000008004ed0                PROVIDE (__preinit_array_start = .)
 *(.preinit_array*)
                0x0000000008004ed0                PROVIDE (__preinit_array_end = .)
                0x0000000008004ed0                . = ALIGN (0x4)

.init_array     0x0000000008004ed0        0x4
                0x0000000008004ed0                . = ALIGN (0x4)
                0x0000000008004ed0                PROVIDE (__init_array_start = .)
 *(SORT_BY_NAME(.init_array.*))
 *(.init_array*)
 .init_array    0x0000000008004ed0        0x4 c:/st/stm32cubeide_1.7.0/stm32cubeide/plugins/com.st.stm32cube.ide.mcu.externaltools.gnu-tools-for-stm32.9-2020-q2-update.win32_2.0.0.202105311346/tools/bin/../lib/gcc/arm-none-eabi/9.3.1/thumb/v7e-m+fp/hard/crtbegin.o
                0x0000000008004ed4                PROVIDE (__init_array_end = .)
                0x0000000008004ed4                . = ALIGN (0x4)

.fini_array     0x0000000008004ed4        0x4
                0x0000000008004ed4                . = ALIGN (0x4)
                [!provide]                        PROVIDE (__fini_array_start = .)
 *(SORT_BY_NAME(.fini_array.*))
 *(.fini_array*)
 .fini_array    0x0000000008004ed4        0x4 c:/st/stm32cubeide_1.7.0/stm32cubeide/plugins/com.st.stm32cube.ide.mcu.externaltools.gnu-tools-for-stm32.9-2020-q2-update.win32_2.0.0.202105311346/tools/bin/../lib/gcc/arm-none-eabi/9.3.1/thumb/v7e-m+fp/hard/crtbegin.o
                [!provide]                        PROVIDE (__fini_array_end = .)
                0x0000000008004ed8                . = ALIGN (0x4)
                0x0000000008004ed8                _sidata = LOADADDR (.data)

.data           0x0000000020000000       0x10 load address 0x0000000008004ed8
                0x0000000020000000                . = ALIGN (0x4)
                0x0000000020000000                _sdata = .
 *(.data)
 *(.data*)
 .data.SystemCoreClock
                0x0000000020000000        0x4 ./Core/Src/system_stm32f4xx.o
                0x0000000020000000                SystemCoreClock
 .data.Duty_Percent
                0x0000000020000004        0x2 ./Core/apps/Buzzer.o
                0x0000000020000004                Duty_Percent
 *fill*         0x0000000020000006        0x2 
 .data.uwTickPrio
                0x0000000020000008        0x4 ./Drivers/STM32F4xx_HAL_Driver/Src/stm32f4xx_hal.o
                0x0000000020000008                uwTickPrio
 .data.uwTickFreq
                0x000000002000000c        0x1 ./Drivers/STM32F4xx_HAL_Driver/Src/stm32f4xx_hal.o
                0x000000002000000c                uwTickFreq
 *(.RamFunc)
 *(.RamFunc*)
                0x0000000020000010                . = ALIGN (0x4)
 *fill*         0x000000002000000d        0x3 
                0x0000000020000010                _edata = .

.igot.plt       0x0000000020000010        0x0 load address 0x0000000008004ee8
 .igot.plt      0x0000000020000010        0x0 c:/st/stm32cubeide_1.7.0/stm32cubeide/plugins/com.st.stm32cube.ide.mcu.externaltools.gnu-tools-for-stm32.9-2020-q2-update.win32_2.0.0.202105311346/tools/bin/../lib/gcc/arm-none-eabi/9.3.1/thumb/v7e-m+fp/hard/crtbegin.o
                0x0000000020000010                . = ALIGN (0x4)

.bss            0x0000000020000010      0x3d4 load address 0x0000000008004ee8
                0x0000000020000010                _sbss = .
                0x0000000020000010                __bss_start__ = _sbss
 *(.bss)
 .bss           0x0000000020000010       0x1c c:/st/stm32cubeide_1.7.0/stm32cubeide/plugins/com.st.stm32cube.ide.mcu.externaltools.gnu-tools-for-stm32.9-2020-q2-update.win32_2.0.0.202105311346/tools/bin/../lib/gcc/arm-none-eabi/9.3.1/thumb/v7e-m+fp/hard/crtbegin.o
 *(.bss*)
 *(COMMON)
 COMMON         0x000000002000002c      0x380 ./Core/Src/main.o
                0x000000002000002c                huart9
                0x0000000020000070                huart7
                0x00000000200000b4                hi2c1
                0x0000000020000108                hi2c2
                0x000000002000015c                huart5
                0x00000000200001a0                hadc1
                0x00000000200001e8                hspi4
                0x0000000020000240                htim9
                0x0000000020000288                huart8
                0x00000000200002cc                huart6
                0x0000000020000310                hspi1
                0x0000000020000368                huart2
 COMMON         0x00000000200003ac       0x10 ./Core/apps/Buzzer.o
                0x00000000200003ac                BuzzerControl
 COMMON         0x00000000200003bc        0x2 ./Core/apps/appMain.o
                0x00000000200003bc                appSecTimer
                0x00000000200003bd                appStateMachine
 COMMON         0x00000000200003be        0x4 ./Core/apps/keypad_display.o
                0x00000000200003be                lcdSecTimer
                0x00000000200003bf                upDownIdx
                0x00000000200003c0                lcdStateMachine
                0x00000000200003c1                leftRightIdx
 COMMON         0x00000000200003c2        0x2 ./Core/apps/leds.o
                0x00000000200003c2                RawLEDdata
 COMMON         0x00000000200003c4       0x11 ./Core/apps/switches.o
                0x00000000200003c4                ButtonPressedTimer
                0x00000000200003c8                ForcedButton
                0x00000000200003cc                SwitchRaw
                0x00000000200003d0                PendingSwitchEvent
                0x00000000200003d1                buttonTimer
                0x00000000200003d2                LastButtonPattern
                0x00000000200003d4                MultiPressCount
 *fill*         0x00000000200003d5        0x1 
 COMMON         0x00000000200003d6        0x8 ./Core/apps/timebasetimer.o
                0x00000000200003d6                Timer_100mS
                0x00000000200003d8                Timer_10mS
                0x00000000200003da                SecondTimer
                0x00000000200003dc                InterruptCount
 *fill*         0x00000000200003de        0x2 
 COMMON         0x00000000200003e0        0x4 ./Drivers/STM32F4xx_HAL_Driver/Src/stm32f4xx_hal.o
                0x00000000200003e0                uwTick
                0x00000000200003e4                . = ALIGN (0x4)
                0x00000000200003e4                _ebss = .
                0x00000000200003e4                __bss_end__ = _ebss

._user_heap_stack
                0x00000000200003e4      0x604 load address 0x0000000008004ee8
                0x00000000200003e8                . = ALIGN (0x8)
 *fill*         0x00000000200003e4        0x4 
                [!provide]                        PROVIDE (end = .)
                0x00000000200003e8                PROVIDE (_end = .)
                0x00000000200005e8                . = (. + _Min_Heap_Size)
 *fill*         0x00000000200003e8      0x200 
                0x00000000200009e8                . = (. + _Min_Stack_Size)
 *fill*         0x00000000200005e8      0x400 
                0x00000000200009e8                . = ALIGN (0x8)

/DISCARD/
 libc.a(*)
 libm.a(*)
 libgcc.a(*)

.ARM.attributes
                0x0000000000000000       0x30
 *(.ARM.attributes)
 .ARM.attributes
                0x0000000000000000       0x1e c:/st/stm32cubeide_1.7.0/stm32cubeide/plugins/com.st.stm32cube.ide.mcu.externaltools.gnu-tools-for-stm32.9-2020-q2-update.win32_2.0.0.202105311346/tools/bin/../lib/gcc/arm-none-eabi/9.3.1/thumb/v7e-m+fp/hard/crti.o
 .ARM.attributes
                0x000000000000001e       0x34 c:/st/stm32cubeide_1.7.0/stm32cubeide/plugins/com.st.stm32cube.ide.mcu.externaltools.gnu-tools-for-stm32.9-2020-q2-update.win32_2.0.0.202105311346/tools/bin/../lib/gcc/arm-none-eabi/9.3.1/thumb/v7e-m+fp/hard/crtbegin.o
 .ARM.attributes
                0x0000000000000052       0x34 ./Core/Src/main.o
 .ARM.attributes
                0x0000000000000086       0x34 ./Core/Src/stm32f4xx_hal_msp.o
 .ARM.attributes
                0x00000000000000ba       0x34 ./Core/Src/stm32f4xx_it.o
 .ARM.attributes
                0x00000000000000ee       0x34 ./Core/Src/system_stm32f4xx.o
 .ARM.attributes
                0x0000000000000122       0x21 ./Core/Startup/startup_stm32f413vhtx.o
 .ARM.attributes
                0x0000000000000143       0x34 ./Core/apps/Buzzer.o
 .ARM.attributes
                0x0000000000000177       0x34 ./Core/apps/appMain.o
 .ARM.attributes
                0x00000000000001ab       0x34 ./Core/apps/keypad_display.o
 .ARM.attributes
                0x00000000000001df       0x34 ./Core/apps/leds.o
 .ARM.attributes
                0x0000000000000213       0x34 ./Core/apps/switches.o
 .ARM.attributes
                0x0000000000000247       0x34 ./Core/apps/timebasetimer.o
 .ARM.attributes
                0x000000000000027b       0x34 ./Drivers/STM32F4xx_HAL_Driver/Src/stm32f4xx_hal.o
 .ARM.attributes
                0x00000000000002af       0x34 ./Drivers/STM32F4xx_HAL_Driver/Src/stm32f4xx_hal_adc.o
 .ARM.attributes
                0x00000000000002e3       0x34 ./Drivers/STM32F4xx_HAL_Driver/Src/stm32f4xx_hal_cortex.o
 .ARM.attributes
                0x0000000000000317       0x34 ./Drivers/STM32F4xx_HAL_Driver/Src/stm32f4xx_hal_gpio.o
 .ARM.attributes
                0x000000000000034b       0x34 ./Drivers/STM32F4xx_HAL_Driver/Src/stm32f4xx_hal_i2c.o
 .ARM.attributes
                0x000000000000037f       0x34 ./Drivers/STM32F4xx_HAL_Driver/Src/stm32f4xx_hal_rcc.o
 .ARM.attributes
                0x00000000000003b3       0x34 ./Drivers/STM32F4xx_HAL_Driver/Src/stm32f4xx_hal_rcc_ex.o
 .ARM.attributes
                0x00000000000003e7       0x34 ./Drivers/STM32F4xx_HAL_Driver/Src/stm32f4xx_hal_spi.o
 .ARM.attributes
                0x000000000000041b       0x34 ./Drivers/STM32F4xx_HAL_Driver/Src/stm32f4xx_hal_tim.o
 .ARM.attributes
                0x000000000000044f       0x34 ./Drivers/STM32F4xx_HAL_Driver/Src/stm32f4xx_hal_tim_ex.o
 .ARM.attributes
                0x0000000000000483       0x34 ./Drivers/STM32F4xx_HAL_Driver/Src/stm32f4xx_hal_uart.o
 .ARM.attributes
                0x00000000000004b7       0x34 c:/st/stm32cubeide_1.7.0/stm32cubeide/plugins/com.st.stm32cube.ide.mcu.externaltools.gnu-tools-for-stm32.9-2020-q2-update.win32_2.0.0.202105311346/tools/bin/../lib/gcc/arm-none-eabi/9.3.1/../../../../arm-none-eabi/lib/thumb/v7e-m+fp/hard\libc_nano.a(lib_a-init.o)
 .ARM.attributes
                0x00000000000004eb       0x34 c:/st/stm32cubeide_1.7.0/stm32cubeide/plugins/com.st.stm32cube.ide.mcu.externaltools.gnu-tools-for-stm32.9-2020-q2-update.win32_2.0.0.202105311346/tools/bin/../lib/gcc/arm-none-eabi/9.3.1/../../../../arm-none-eabi/lib/thumb/v7e-m+fp/hard\libc_nano.a(lib_a-memset.o)
 .ARM.attributes
                0x000000000000051f       0x1e c:/st/stm32cubeide_1.7.0/stm32cubeide/plugins/com.st.stm32cube.ide.mcu.externaltools.gnu-tools-for-stm32.9-2020-q2-update.win32_2.0.0.202105311346/tools/bin/../lib/gcc/arm-none-eabi/9.3.1/thumb/v7e-m+fp/hard\libgcc.a(_aeabi_uldivmod.o)
 .ARM.attributes
                0x000000000000053d       0x34 c:/st/stm32cubeide_1.7.0/stm32cubeide/plugins/com.st.stm32cube.ide.mcu.externaltools.gnu-tools-for-stm32.9-2020-q2-update.win32_2.0.0.202105311346/tools/bin/../lib/gcc/arm-none-eabi/9.3.1/thumb/v7e-m+fp/hard\libgcc.a(_udivmoddi4.o)
 .ARM.attributes
                0x0000000000000571       0x1e c:/st/stm32cubeide_1.7.0/stm32cubeide/plugins/com.st.stm32cube.ide.mcu.externaltools.gnu-tools-for-stm32.9-2020-q2-update.win32_2.0.0.202105311346/tools/bin/../lib/gcc/arm-none-eabi/9.3.1/thumb/v7e-m+fp/hard\libgcc.a(_dvmd_tls.o)
 .ARM.attributes
                0x000000000000058f       0x1e c:/st/stm32cubeide_1.7.0/stm32cubeide/plugins/com.st.stm32cube.ide.mcu.externaltools.gnu-tools-for-stm32.9-2020-q2-update.win32_2.0.0.202105311346/tools/bin/../lib/gcc/arm-none-eabi/9.3.1/thumb/v7e-m+fp/hard/crtn.o
OUTPUT(MSC-GA001.elf elf32-littlearm)
LOAD linker stubs
LOAD c:/st/stm32cubeide_1.7.0/stm32cubeide/plugins/com.st.stm32cube.ide.mcu.externaltools.gnu-tools-for-stm32.9-2020-q2-update.win32_2.0.0.202105311346/tools/bin/../lib/gcc/arm-none-eabi/9.3.1/../../../../arm-none-eabi/lib/thumb/v7e-m+fp/hard\libc.a
LOAD c:/st/stm32cubeide_1.7.0/stm32cubeide/plugins/com.st.stm32cube.ide.mcu.externaltools.gnu-tools-for-stm32.9-2020-q2-update.win32_2.0.0.202105311346/tools/bin/../lib/gcc/arm-none-eabi/9.3.1/../../../../arm-none-eabi/lib/thumb/v7e-m+fp/hard\libm.a
LOAD c:/st/stm32cubeide_1.7.0/stm32cubeide/plugins/com.st.stm32cube.ide.mcu.externaltools.gnu-tools-for-stm32.9-2020-q2-update.win32_2.0.0.202105311346/tools/bin/../lib/gcc/arm-none-eabi/9.3.1/thumb/v7e-m+fp/hard\libgcc.a

.debug_info     0x0000000000000000    0x165d5
 .debug_info    0x0000000000000000     0x1c27 ./Core/Src/main.o
 .debug_info    0x0000000000001c27     0x1bc3 ./Core/Src/stm32f4xx_hal_msp.o
 .debug_info    0x00000000000037ea      0x801 ./Core/Src/stm32f4xx_it.o
 .debug_info    0x0000000000003feb      0x5dc ./Core/Src/system_stm32f4xx.o
 .debug_info    0x00000000000045c7       0x22 ./Core/Startup/startup_stm32f413vhtx.o
 .debug_info    0x00000000000045e9      0xb5e ./Core/apps/Buzzer.o
 .debug_info    0x0000000000005147      0x39a ./Core/apps/appMain.o
 .debug_info    0x00000000000054e1      0x601 ./Core/apps/keypad_display.o
 .debug_info    0x0000000000005ae2      0x6e2 ./Core/apps/leds.o
 .debug_info    0x00000000000061c4      0x90f ./Core/apps/switches.o
 .debug_info    0x0000000000006ad3      0x3e6 ./Core/apps/timebasetimer.o
 .debug_info    0x0000000000006eb9      0xa38 ./Drivers/STM32F4xx_HAL_Driver/Src/stm32f4xx_hal.o
 .debug_info    0x00000000000078f1      0xdbc ./Drivers/STM32F4xx_HAL_Driver/Src/stm32f4xx_hal_adc.o
 .debug_info    0x00000000000086ad      0xf25 ./Drivers/STM32F4xx_HAL_Driver/Src/stm32f4xx_hal_cortex.o
 .debug_info    0x00000000000095d2      0x8ae ./Drivers/STM32F4xx_HAL_Driver/Src/stm32f4xx_hal_gpio.o
 .debug_info    0x0000000000009e80     0x265b ./Drivers/STM32F4xx_HAL_Driver/Src/stm32f4xx_hal_i2c.o
 .debug_info    0x000000000000c4db      0x9db ./Drivers/STM32F4xx_HAL_Driver/Src/stm32f4xx_hal_rcc.o
 .debug_info    0x000000000000ceb6      0x90c ./Drivers/STM32F4xx_HAL_Driver/Src/stm32f4xx_hal_rcc_ex.o
 .debug_info    0x000000000000d7c2     0x17c0 ./Drivers/STM32F4xx_HAL_Driver/Src/stm32f4xx_hal_spi.o
 .debug_info    0x000000000000ef82     0x2c22 ./Drivers/STM32F4xx_HAL_Driver/Src/stm32f4xx_hal_tim.o
 .debug_info    0x0000000000011ba4     0x1853 ./Drivers/STM32F4xx_HAL_Driver/Src/stm32f4xx_hal_tim_ex.o
 .debug_info    0x00000000000133f7     0x31de ./Drivers/STM32F4xx_HAL_Driver/Src/stm32f4xx_hal_uart.o

.debug_abbrev   0x0000000000000000     0x2bc5
 .debug_abbrev  0x0000000000000000      0x292 ./Core/Src/main.o
 .debug_abbrev  0x0000000000000292      0x206 ./Core/Src/stm32f4xx_hal_msp.o
 .debug_abbrev  0x0000000000000498      0x176 ./Core/Src/stm32f4xx_it.o
 .debug_abbrev  0x000000000000060e      0x145 ./Core/Src/system_stm32f4xx.o
 .debug_abbrev  0x0000000000000753       0x12 ./Core/Startup/startup_stm32f413vhtx.o
 .debug_abbrev  0x0000000000000765      0x202 ./Core/apps/Buzzer.o
 .debug_abbrev  0x0000000000000967      0x12a ./Core/apps/appMain.o
 .debug_abbrev  0x0000000000000a91      0x171 ./Core/apps/keypad_display.o
 .debug_abbrev  0x0000000000000c02      0x1e0 ./Core/apps/leds.o
 .debug_abbrev  0x0000000000000de2      0x27b ./Core/apps/switches.o
 .debug_abbrev  0x000000000000105d      0x142 ./Core/apps/timebasetimer.o
 .debug_abbrev  0x000000000000119f      0x1ed ./Drivers/STM32F4xx_HAL_Driver/Src/stm32f4xx_hal.o
 .debug_abbrev  0x000000000000138c      0x22f ./Drivers/STM32F4xx_HAL_Driver/Src/stm32f4xx_hal_adc.o
 .debug_abbrev  0x00000000000015bb      0x33c ./Drivers/STM32F4xx_HAL_Driver/Src/stm32f4xx_hal_cortex.o
 .debug_abbrev  0x00000000000018f7      0x1f1 ./Drivers/STM32F4xx_HAL_Driver/Src/stm32f4xx_hal_gpio.o
 .debug_abbrev  0x0000000000001ae8      0x282 ./Drivers/STM32F4xx_HAL_Driver/Src/stm32f4xx_hal_i2c.o
 .debug_abbrev  0x0000000000001d6a      0x275 ./Drivers/STM32F4xx_HAL_Driver/Src/stm32f4xx_hal_rcc.o
 .debug_abbrev  0x0000000000001fdf      0x1c0 ./Drivers/STM32F4xx_HAL_Driver/Src/stm32f4xx_hal_rcc_ex.o
 .debug_abbrev  0x000000000000219f      0x26e ./Drivers/STM32F4xx_HAL_Driver/Src/stm32f4xx_hal_spi.o
 .debug_abbrev  0x000000000000240d      0x25e ./Drivers/STM32F4xx_HAL_Driver/Src/stm32f4xx_hal_tim.o
 .debug_abbrev  0x000000000000266b      0x26f ./Drivers/STM32F4xx_HAL_Driver/Src/stm32f4xx_hal_tim_ex.o
 .debug_abbrev  0x00000000000028da      0x2eb ./Drivers/STM32F4xx_HAL_Driver/Src/stm32f4xx_hal_uart.o

.debug_aranges  0x0000000000000000     0x1438
 .debug_aranges
                0x0000000000000000       0x98 ./Core/Src/main.o
 .debug_aranges
                0x0000000000000098       0x78 ./Core/Src/stm32f4xx_hal_msp.o
 .debug_aranges
                0x0000000000000110       0x68 ./Core/Src/stm32f4xx_it.o
 .debug_aranges
                0x0000000000000178       0x28 ./Core/Src/system_stm32f4xx.o
 .debug_aranges
                0x00000000000001a0       0x28 ./Core/Startup/startup_stm32f413vhtx.o
 .debug_aranges
                0x00000000000001c8       0xa8 ./Core/apps/Buzzer.o
 .debug_aranges
                0x0000000000000270       0x20 ./Core/apps/appMain.o
 .debug_aranges
                0x0000000000000290       0x88 ./Core/apps/keypad_display.o
 .debug_aranges
                0x0000000000000318       0x70 ./Core/apps/leds.o
 .debug_aranges
                0x0000000000000388       0xa8 ./Core/apps/switches.o
 .debug_aranges
                0x0000000000000430       0x30 ./Core/apps/timebasetimer.o
 .debug_aranges
                0x0000000000000460       0xf0 ./Drivers/STM32F4xx_HAL_Driver/Src/stm32f4xx_hal.o
 .debug_aranges
                0x0000000000000550       0xe8 ./Drivers/STM32F4xx_HAL_Driver/Src/stm32f4xx_hal_adc.o
 .debug_aranges
                0x0000000000000638      0x118 ./Drivers/STM32F4xx_HAL_Driver/Src/stm32f4xx_hal_cortex.o
 .debug_aranges
                0x0000000000000750       0x58 ./Drivers/STM32F4xx_HAL_Driver/Src/stm32f4xx_hal_gpio.o
 .debug_aranges
                0x00000000000007a8      0x2a0 ./Drivers/STM32F4xx_HAL_Driver/Src/stm32f4xx_hal_i2c.o
 .debug_aranges
                0x0000000000000a48       0x88 ./Drivers/STM32F4xx_HAL_Driver/Src/stm32f4xx_hal_rcc.o
 .debug_aranges
                0x0000000000000ad0       0x60 ./Drivers/STM32F4xx_HAL_Driver/Src/stm32f4xx_hal_rcc_ex.o
 .debug_aranges
                0x0000000000000b30      0x1d0 ./Drivers/STM32F4xx_HAL_Driver/Src/stm32f4xx_hal_spi.o
 .debug_aranges
                0x0000000000000d00      0x3d0 ./Drivers/STM32F4xx_HAL_Driver/Src/stm32f4xx_hal_tim.o
 .debug_aranges
                0x00000000000010d0      0x168 ./Drivers/STM32F4xx_HAL_Driver/Src/stm32f4xx_hal_tim_ex.o
 .debug_aranges
                0x0000000000001238      0x200 ./Drivers/STM32F4xx_HAL_Driver/Src/stm32f4xx_hal_uart.o

.debug_ranges   0x0000000000000000     0x1338
 .debug_ranges  0x0000000000000000       0x88 ./Core/Src/main.o
 .debug_ranges  0x0000000000000088       0x68 ./Core/Src/stm32f4xx_hal_msp.o
 .debug_ranges  0x00000000000000f0       0x58 ./Core/Src/stm32f4xx_it.o
 .debug_ranges  0x0000000000000148       0x18 ./Core/Src/system_stm32f4xx.o
 .debug_ranges  0x0000000000000160       0x20 ./Core/Startup/startup_stm32f413vhtx.o
 .debug_ranges  0x0000000000000180       0x98 ./Core/apps/Buzzer.o
 .debug_ranges  0x0000000000000218       0x10 ./Core/apps/appMain.o
 .debug_ranges  0x0000000000000228       0x78 ./Core/apps/keypad_display.o
 .debug_ranges  0x00000000000002a0       0x60 ./Core/apps/leds.o
 .debug_ranges  0x0000000000000300       0x98 ./Core/apps/switches.o
 .debug_ranges  0x0000000000000398       0x20 ./Core/apps/timebasetimer.o
 .debug_ranges  0x00000000000003b8       0xe0 ./Drivers/STM32F4xx_HAL_Driver/Src/stm32f4xx_hal.o
 .debug_ranges  0x0000000000000498       0xd8 ./Drivers/STM32F4xx_HAL_Driver/Src/stm32f4xx_hal_adc.o
 .debug_ranges  0x0000000000000570      0x108 ./Drivers/STM32F4xx_HAL_Driver/Src/stm32f4xx_hal_cortex.o
 .debug_ranges  0x0000000000000678       0x48 ./Drivers/STM32F4xx_HAL_Driver/Src/stm32f4xx_hal_gpio.o
 .debug_ranges  0x00000000000006c0      0x2b8 ./Drivers/STM32F4xx_HAL_Driver/Src/stm32f4xx_hal_i2c.o
 .debug_ranges  0x0000000000000978       0x78 ./Drivers/STM32F4xx_HAL_Driver/Src/stm32f4xx_hal_rcc.o
 .debug_ranges  0x00000000000009f0       0x50 ./Drivers/STM32F4xx_HAL_Driver/Src/stm32f4xx_hal_rcc_ex.o
 .debug_ranges  0x0000000000000a40      0x1c0 ./Drivers/STM32F4xx_HAL_Driver/Src/stm32f4xx_hal_spi.o
 .debug_ranges  0x0000000000000c00      0x3c0 ./Drivers/STM32F4xx_HAL_Driver/Src/stm32f4xx_hal_tim.o
 .debug_ranges  0x0000000000000fc0      0x158 ./Drivers/STM32F4xx_HAL_Driver/Src/stm32f4xx_hal_tim_ex.o
 .debug_ranges  0x0000000000001118      0x220 ./Drivers/STM32F4xx_HAL_Driver/Src/stm32f4xx_hal_uart.o

.debug_macro    0x0000000000000000    0x2398f
 .debug_macro   0x0000000000000000      0x284 ./Core/Src/main.o
 .debug_macro   0x0000000000000284      0xaa8 ./Core/Src/main.o
 .debug_macro   0x0000000000000d2c      0x2ad ./Core/Src/main.o
 .debug_macro   0x0000000000000fd9       0x2e ./Core/Src/main.o
 .debug_macro   0x0000000000001007       0x28 ./Core/Src/main.o
 .debug_macro   0x000000000000102f       0x22 ./Core/Src/main.o
 .debug_macro   0x0000000000001051       0x8e ./Core/Src/main.o
 .debug_macro   0x00000000000010df       0x51 ./Core/Src/main.o
 .debug_macro   0x0000000000001130      0x103 ./Core/Src/main.o
 .debug_macro   0x0000000000001233       0x6a ./Core/Src/main.o
 .debug_macro   0x000000000000129d      0x1df ./Core/Src/main.o
 .debug_macro   0x000000000000147c       0x1c ./Core/Src/main.o
 .debug_macro   0x0000000000001498       0x22 ./Core/Src/main.o
 .debug_macro   0x00000000000014ba       0xdf ./Core/Src/main.o
 .debug_macro   0x0000000000001599     0x102d ./Core/Src/main.o
 .debug_macro   0x00000000000025c6      0x11f ./Core/Src/main.o
 .debug_macro   0x00000000000026e5    0x15a8b ./Core/Src/main.o
 .debug_macro   0x0000000000018170       0x6d ./Core/Src/main.o
 .debug_macro   0x00000000000181dd     0x3666 ./Core/Src/main.o
 .debug_macro   0x000000000001b843      0x174 ./Core/Src/main.o
 .debug_macro   0x000000000001b9b7       0x5c ./Core/Src/main.o
 .debug_macro   0x000000000001ba13      0xcdd ./Core/Src/main.o
 .debug_macro   0x000000000001c6f0      0x9fe ./Core/Src/main.o
 .debug_macro   0x000000000001d0ee      0x116 ./Core/Src/main.o
 .debug_macro   0x000000000001d204      0x202 ./Core/Src/main.o
 .debug_macro   0x000000000001d406       0xa5 ./Core/Src/main.o
 .debug_macro   0x000000000001d4ab      0x173 ./Core/Src/main.o
 .debug_macro   0x000000000001d61e      0x2bf ./Core/Src/main.o
 .debug_macro   0x000000000001d8dd       0x5f ./Core/Src/main.o
 .debug_macro   0x000000000001d93c      0x236 ./Core/Src/main.o
 .debug_macro   0x000000000001db72      0x9e1 ./Core/Src/main.o
 .debug_macro   0x000000000001e553      0x38b ./Core/Src/main.o
 .debug_macro   0x000000000001e8de      0x17d ./Core/Src/main.o
 .debug_macro   0x000000000001ea5b       0xf9 ./Core/Src/main.o
 .debug_macro   0x000000000001eb54      0x132 ./Core/Src/main.o
 .debug_macro   0x000000000001ec86      0x30c ./Core/Src/main.o
 .debug_macro   0x000000000001ef92       0x2e ./Core/Src/main.o
 .debug_macro   0x000000000001efc0      0x1b5 ./Core/Src/main.o
 .debug_macro   0x000000000001f175       0x22 ./Core/Src/main.o
 .debug_macro   0x000000000001f197       0xd6 ./Core/Src/main.o
 .debug_macro   0x000000000001f26d      0x11a ./Core/Src/main.o
 .debug_macro   0x000000000001f387       0x91 ./Core/Src/main.o
 .debug_macro   0x000000000001f418       0x89 ./Core/Src/main.o
 .debug_macro   0x000000000001f4a1      0x225 ./Core/Src/main.o
 .debug_macro   0x000000000001f6c6      0x8d1 ./Core/Src/main.o
 .debug_macro   0x000000000001ff97       0x71 ./Core/Src/main.o
 .debug_macro   0x0000000000020008      0x295 ./Core/Src/main.o
 .debug_macro   0x000000000002029d      0x134 ./Core/Src/main.o
 .debug_macro   0x00000000000203d1      0x397 ./Core/Src/main.o
 .debug_macro   0x0000000000020768       0x10 ./Core/Src/main.o
 .debug_macro   0x0000000000020778       0x1c ./Core/Src/main.o
 .debug_macro   0x0000000000020794      0x298 ./Core/Src/main.o
 .debug_macro   0x0000000000020a2c       0x2e ./Core/Src/main.o
 .debug_macro   0x0000000000020a5a       0xb8 ./Core/Src/main.o
 .debug_macro   0x0000000000020b12       0x3a ./Core/Src/main.o
 .debug_macro   0x0000000000020b4c       0x7c ./Core/Src/main.o
 .debug_macro   0x0000000000020bc8       0x28 ./Core/Src/main.o
 .debug_macro   0x0000000000020bf0      0x228 ./Core/Src/stm32f4xx_hal_msp.o
 .debug_macro   0x0000000000020e18      0x232 ./Core/Src/stm32f4xx_it.o
 .debug_macro   0x000000000002104a      0x219 ./Core/Src/system_stm32f4xx.o
 .debug_macro   0x0000000000021263      0x284 ./Core/apps/Buzzer.o
 .debug_macro   0x00000000000214e7      0x284 ./Core/apps/appMain.o
 .debug_macro   0x000000000002176b      0x296 ./Core/apps/keypad_display.o
 .debug_macro   0x0000000000021a01      0x290 ./Core/apps/leds.o
 .debug_macro   0x0000000000021c91      0x284 ./Core/apps/switches.o
 .debug_macro   0x0000000000021f15      0x284 ./Core/apps/timebasetimer.o
 .debug_macro   0x0000000000022199      0x279 ./Drivers/STM32F4xx_HAL_Driver/Src/stm32f4xx_hal.o
 .debug_macro   0x0000000000022412      0x21a ./Drivers/STM32F4xx_HAL_Driver/Src/stm32f4xx_hal_adc.o
 .debug_macro   0x000000000002262c      0x219 ./Drivers/STM32F4xx_HAL_Driver/Src/stm32f4xx_hal_cortex.o
 .debug_macro   0x0000000000022845      0x21f ./Drivers/STM32F4xx_HAL_Driver/Src/stm32f4xx_hal_gpio.o
 .debug_macro   0x0000000000022a64      0x260 ./Drivers/STM32F4xx_HAL_Driver/Src/stm32f4xx_hal_i2c.o
 .debug_macro   0x0000000000022cc4      0x23d ./Drivers/STM32F4xx_HAL_Driver/Src/stm32f4xx_hal_rcc.o
 .debug_macro   0x0000000000022f01      0x219 ./Drivers/STM32F4xx_HAL_Driver/Src/stm32f4xx_hal_rcc_ex.o
 .debug_macro   0x000000000002311a      0x228 ./Drivers/STM32F4xx_HAL_Driver/Src/stm32f4xx_hal_spi.o
 .debug_macro   0x0000000000023342      0x21a ./Drivers/STM32F4xx_HAL_Driver/Src/stm32f4xx_hal_tim.o
 .debug_macro   0x000000000002355c      0x219 ./Drivers/STM32F4xx_HAL_Driver/Src/stm32f4xx_hal_tim_ex.o
 .debug_macro   0x0000000000023775      0x21a ./Drivers/STM32F4xx_HAL_Driver/Src/stm32f4xx_hal_uart.o

.debug_line     0x0000000000000000    0x1899f
 .debug_line    0x0000000000000000      0xcb1 ./Core/Src/main.o
 .debug_line    0x0000000000000cb1      0xa6a ./Core/Src/stm32f4xx_hal_msp.o
 .debug_line    0x000000000000171b      0x833 ./Core/Src/stm32f4xx_it.o
 .debug_line    0x0000000000001f4e      0x7d7 ./Core/Src/system_stm32f4xx.o
 .debug_line    0x0000000000002725       0x88 ./Core/Startup/startup_stm32f413vhtx.o
 .debug_line    0x00000000000027ad      0xaa8 ./Core/apps/Buzzer.o
 .debug_line    0x0000000000003255      0x833 ./Core/apps/appMain.o
 .debug_line    0x0000000000003a88      0xa1a ./Core/apps/keypad_display.o
 .debug_line    0x00000000000044a2      0x99a ./Core/apps/leds.o
 .debug_line    0x0000000000004e3c      0xbfa ./Core/apps/switches.o
 .debug_line    0x0000000000005a36      0x8c7 ./Core/apps/timebasetimer.o
 .debug_line    0x00000000000062fd      0xa3d ./Drivers/STM32F4xx_HAL_Driver/Src/stm32f4xx_hal.o
 .debug_line    0x0000000000006d3a     0x1201 ./Drivers/STM32F4xx_HAL_Driver/Src/stm32f4xx_hal_adc.o
 .debug_line    0x0000000000007f3b      0xcec ./Drivers/STM32F4xx_HAL_Driver/Src/stm32f4xx_hal_cortex.o
 .debug_line    0x0000000000008c27      0xb9f ./Drivers/STM32F4xx_HAL_Driver/Src/stm32f4xx_hal_gpio.o
 .debug_line    0x00000000000097c6     0x39e9 ./Drivers/STM32F4xx_HAL_Driver/Src/stm32f4xx_hal_i2c.o
 .debug_line    0x000000000000d1af      0xdc5 ./Drivers/STM32F4xx_HAL_Driver/Src/stm32f4xx_hal_rcc.o
 .debug_line    0x000000000000df74     0x1117 ./Drivers/STM32F4xx_HAL_Driver/Src/stm32f4xx_hal_rcc_ex.o
 .debug_line    0x000000000000f08b     0x1cc5 ./Drivers/STM32F4xx_HAL_Driver/Src/stm32f4xx_hal_spi.o
 .debug_line    0x0000000000010d50     0x3731 ./Drivers/STM32F4xx_HAL_Driver/Src/stm32f4xx_hal_tim.o
 .debug_line    0x0000000000014481     0x1a40 ./Drivers/STM32F4xx_HAL_Driver/Src/stm32f4xx_hal_tim_ex.o
 .debug_line    0x0000000000015ec1     0x2ade ./Drivers/STM32F4xx_HAL_Driver/Src/stm32f4xx_hal_uart.o

.debug_str      0x0000000000000000    0xdc93e
 .debug_str     0x0000000000000000    0xd7ea5 ./Core/Src/main.o
                                      0xd82dd (size before relaxing)
 .debug_str     0x00000000000d7ea5      0x693 ./Core/Src/stm32f4xx_hal_msp.o
                                      0xd6de0 (size before relaxing)
 .debug_str     0x00000000000d8538       0xc4 ./Core/Src/stm32f4xx_it.o
                                      0xd5f07 (size before relaxing)
 .debug_str     0x00000000000d85fc       0xaf ./Core/Src/system_stm32f4xx.o
                                      0xd4d49 (size before relaxing)
 .debug_str     0x00000000000d86ab       0x36 ./Core/Startup/startup_stm32f413vhtx.o
                                         0x7a (size before relaxing)
 .debug_str     0x00000000000d86e1      0x15d ./Core/apps/Buzzer.o
                                      0xd77da (size before relaxing)
 .debug_str     0x00000000000d883e       0x27 ./Core/apps/appMain.o
                                      0xd7186 (size before relaxing)
 .debug_str     0x00000000000d8865      0x25b ./Core/apps/keypad_display.o
                                      0xd73ac (size before relaxing)
 .debug_str     0x00000000000d8ac0      0x125 ./Core/apps/leds.o
                                      0xd72f7 (size before relaxing)
 .debug_str     0x00000000000d8be5      0x1fa ./Core/apps/switches.o
                                      0xd73d1 (size before relaxing)
 .debug_str     0x00000000000d8ddf       0x55 ./Core/apps/timebasetimer.o
                                      0xd71a6 (size before relaxing)
 .debug_str     0x00000000000d8e34      0x577 ./Drivers/STM32F4xx_HAL_Driver/Src/stm32f4xx_hal.o
                                      0xd58dd (size before relaxing)
 .debug_str     0x00000000000d93ab      0x293 ./Drivers/STM32F4xx_HAL_Driver/Src/stm32f4xx_hal_adc.o
                                      0xd52d1 (size before relaxing)
 .debug_str     0x00000000000d963e      0x37d ./Drivers/STM32F4xx_HAL_Driver/Src/stm32f4xx_hal_cortex.o
                                      0xd56a8 (size before relaxing)
 .debug_str     0x00000000000d99bb      0x168 ./Drivers/STM32F4xx_HAL_Driver/Src/stm32f4xx_hal_gpio.o
                                      0xd4eff (size before relaxing)
 .debug_str     0x00000000000d9b23      0xaa9 ./Drivers/STM32F4xx_HAL_Driver/Src/stm32f4xx_hal_i2c.o
                                      0xd5cac (size before relaxing)
 .debug_str     0x00000000000da5cc      0x24e ./Drivers/STM32F4xx_HAL_Driver/Src/stm32f4xx_hal_rcc.o
                                      0xd5150 (size before relaxing)
 .debug_str     0x00000000000da81a      0x2ba ./Drivers/STM32F4xx_HAL_Driver/Src/stm32f4xx_hal_rcc_ex.o
                                      0xd50ff (size before relaxing)
 .debug_str     0x00000000000daad4      0x55f ./Drivers/STM32F4xx_HAL_Driver/Src/stm32f4xx_hal_spi.o
                                      0xd55c9 (size before relaxing)
 .debug_str     0x00000000000db033      0xdc9 ./Drivers/STM32F4xx_HAL_Driver/Src/stm32f4xx_hal_tim.o
                                      0xd6054 (size before relaxing)
 .debug_str     0x00000000000dbdfc      0x546 ./Drivers/STM32F4xx_HAL_Driver/Src/stm32f4xx_hal_tim_ex.o
                                      0xd593a (size before relaxing)
 .debug_str     0x00000000000dc342      0x5fc ./Drivers/STM32F4xx_HAL_Driver/Src/stm32f4xx_hal_uart.o
                                      0xd56ad (size before relaxing)

.comment        0x0000000000000000       0x53
 .comment       0x0000000000000000       0x53 ./Core/Src/main.o
                                         0x54 (size before relaxing)
 .comment       0x0000000000000053       0x54 ./Core/Src/stm32f4xx_hal_msp.o
 .comment       0x0000000000000053       0x54 ./Core/Src/stm32f4xx_it.o
 .comment       0x0000000000000053       0x54 ./Core/Src/system_stm32f4xx.o
 .comment       0x0000000000000053       0x54 ./Core/apps/Buzzer.o
 .comment       0x0000000000000053       0x54 ./Core/apps/appMain.o
 .comment       0x0000000000000053       0x54 ./Core/apps/keypad_display.o
 .comment       0x0000000000000053       0x54 ./Core/apps/leds.o
 .comment       0x0000000000000053       0x54 ./Core/apps/switches.o
 .comment       0x0000000000000053       0x54 ./Core/apps/timebasetimer.o
 .comment       0x0000000000000053       0x54 ./Drivers/STM32F4xx_HAL_Driver/Src/stm32f4xx_hal.o
 .comment       0x0000000000000053       0x54 ./Drivers/STM32F4xx_HAL_Driver/Src/stm32f4xx_hal_adc.o
 .comment       0x0000000000000053       0x54 ./Drivers/STM32F4xx_HAL_Driver/Src/stm32f4xx_hal_cortex.o
 .comment       0x0000000000000053       0x54 ./Drivers/STM32F4xx_HAL_Driver/Src/stm32f4xx_hal_gpio.o
 .comment       0x0000000000000053       0x54 ./Drivers/STM32F4xx_HAL_Driver/Src/stm32f4xx_hal_i2c.o
 .comment       0x0000000000000053       0x54 ./Drivers/STM32F4xx_HAL_Driver/Src/stm32f4xx_hal_rcc.o
 .comment       0x0000000000000053       0x54 ./Drivers/STM32F4xx_HAL_Driver/Src/stm32f4xx_hal_rcc_ex.o
 .comment       0x0000000000000053       0x54 ./Drivers/STM32F4xx_HAL_Driver/Src/stm32f4xx_hal_spi.o
 .comment       0x0000000000000053       0x54 ./Drivers/STM32F4xx_HAL_Driver/Src/stm32f4xx_hal_tim.o
 .comment       0x0000000000000053       0x54 ./Drivers/STM32F4xx_HAL_Driver/Src/stm32f4xx_hal_tim_ex.o
 .comment       0x0000000000000053       0x54 ./Drivers/STM32F4xx_HAL_Driver/Src/stm32f4xx_hal_uart.o

.debug_frame    0x0000000000000000     0x554c
 .debug_frame   0x0000000000000000      0x1f8 ./Core/Src/main.o
 .debug_frame   0x00000000000001f8      0x1c8 ./Core/Src/stm32f4xx_hal_msp.o
 .debug_frame   0x00000000000003c0      0x124 ./Core/Src/stm32f4xx_it.o
 .debug_frame   0x00000000000004e4       0x58 ./Core/Src/system_stm32f4xx.o
 .debug_frame   0x000000000000053c      0x240 ./Core/apps/Buzzer.o
 .debug_frame   0x000000000000077c       0x30 ./Core/apps/appMain.o
 .debug_frame   0x00000000000007ac      0x1d0 ./Core/apps/keypad_display.o
 .debug_frame   0x000000000000097c      0x1a4 ./Core/apps/leds.o
 .debug_frame   0x0000000000000b20      0x2b4 ./Core/apps/switches.o
 .debug_frame   0x0000000000000dd4       0x74 ./Core/apps/timebasetimer.o
 .debug_frame   0x0000000000000e48      0x374 ./Drivers/STM32F4xx_HAL_Driver/Src/stm32f4xx_hal.o
 .debug_frame   0x00000000000011bc      0x3fc ./Drivers/STM32F4xx_HAL_Driver/Src/stm32f4xx_hal_adc.o
 .debug_frame   0x00000000000015b8      0x498 ./Drivers/STM32F4xx_HAL_Driver/Src/stm32f4xx_hal_cortex.o
 .debug_frame   0x0000000000001a50      0x14c ./Drivers/STM32F4xx_HAL_Driver/Src/stm32f4xx_hal_gpio.o
 .debug_frame   0x0000000000001b9c      0xc5c ./Drivers/STM32F4xx_HAL_Driver/Src/stm32f4xx_hal_i2c.o
 .debug_frame   0x00000000000027f8      0x1f0 ./Drivers/STM32F4xx_HAL_Driver/Src/stm32f4xx_hal_rcc.o
 .debug_frame   0x00000000000029e8      0x16c ./Drivers/STM32F4xx_HAL_Driver/Src/stm32f4xx_hal_rcc_ex.o
 .debug_frame   0x0000000000002b54      0x824 ./Drivers/STM32F4xx_HAL_Driver/Src/stm32f4xx_hal_spi.o
 .debug_frame   0x0000000000003378     0x11c4 ./Drivers/STM32F4xx_HAL_Driver/Src/stm32f4xx_hal_tim.o
 .debug_frame   0x000000000000453c      0x638 ./Drivers/STM32F4xx_HAL_Driver/Src/stm32f4xx_hal_tim_ex.o
 .debug_frame   0x0000000000004b74      0x92c ./Drivers/STM32F4xx_HAL_Driver/Src/stm32f4xx_hal_uart.o
 .debug_frame   0x00000000000054a0       0x2c c:/st/stm32cubeide_1.7.0/stm32cubeide/plugins/com.st.stm32cube.ide.mcu.externaltools.gnu-tools-for-stm32.9-2020-q2-update.win32_2.0.0.202105311346/tools/bin/../lib/gcc/arm-none-eabi/9.3.1/../../../../arm-none-eabi/lib/thumb/v7e-m+fp/hard\libc_nano.a(lib_a-init.o)
 .debug_frame   0x00000000000054cc       0x20 c:/st/stm32cubeide_1.7.0/stm32cubeide/plugins/com.st.stm32cube.ide.mcu.externaltools.gnu-tools-for-stm32.9-2020-q2-update.win32_2.0.0.202105311346/tools/bin/../lib/gcc/arm-none-eabi/9.3.1/../../../../arm-none-eabi/lib/thumb/v7e-m+fp/hard\libc_nano.a(lib_a-memset.o)
 .debug_frame   0x00000000000054ec       0x2c c:/st/stm32cubeide_1.7.0/stm32cubeide/plugins/com.st.stm32cube.ide.mcu.externaltools.gnu-tools-for-stm32.9-2020-q2-update.win32_2.0.0.202105311346/tools/bin/../lib/gcc/arm-none-eabi/9.3.1/thumb/v7e-m+fp/hard\libgcc.a(_aeabi_uldivmod.o)
 .debug_frame   0x0000000000005518       0x34 c:/st/stm32cubeide_1.7.0/stm32cubeide/plugins/com.st.stm32cube.ide.mcu.externaltools.gnu-tools-for-stm32.9-2020-q2-update.win32_2.0.0.202105311346/tools/bin/../lib/gcc/arm-none-eabi/9.3.1/thumb/v7e-m+fp/hard\libgcc.a(_udivmoddi4.o)
