Buzzer.c:13:6:DoPWM_Buzzer	16	static
Buzzer.c:18:6:EnableBuzzer	4	static
Buzzer.c:21:6:DisableBuzzer	4	static
Buzzer.c:34:6:UpdateBuzzerTimer	24	static
Buzzer.c:59:6:DoTimedBeep	16	static
Buzzer.c:63:6:DoShortBeep	8	static
Buzzer.c:67:6:DoNormalBeep	8	static
Buzzer.c:71:6:DoErrorBeep	8	static
Buzzer.c:76:6:DoSlowHzBeeping	16	static
Buzzer.c:84:6:Do1HzBeeping	8	static
Buzzer.c:89:6:Do2HzBeeping	8	static
Buzzer.c:95:6:Do3FastBeeps	8	static
Buzzer.c:98:6:Do3SlowBeeps	8	static
Buzzer.c:102:6:DoBLE_Disconnected_Beep	8	static
Buzzer.c:105:6:DoBLE_Connected_Beep	8	static
Buzzer.c:111:6:NoBeepControl	8	static
Buzzer.c:121:6:DoMultiBeeps	16	static
Buzzer.c:140:6:doBeepControl	8	static
