keypad_display.c:46:6:MainScreenEnter	4	static
keypad_display.c:57:6:OutputControlScreenEsc	4	static
keypad_display.c:62:6:OutputControlScreenEnter	4	static
keypad_display.c:65:6:OutputControlScreenRight	4	static
keypad_display.c:69:6:OutputControlScreenLeft	4	static
keypad_display.c:73:6:OutputControlScreenUp	4	static
keypad_display.c:77:6:OutputControlScreenDown	4	static
keypad_display.c:91:6:OutputControlScreenState	24	static
keypad_display.c:108:6:MenuScreenEsc	4	static
keypad_display.c:112:6:MenuScreenEnter	4	static
keypad_display.c:118:6:MenuScreenUp	4	static
keypad_display.c:122:6:MenuScreenDown	4	static
keypad_display.c:132:6:AboutScreenEsc	4	static
keypad_display.c:142:6:doDisplay	8	static
