switches.c:43:6:UpdateAllSwitches	8	static
switches.c:62:6:GetButtonStatusPressed	16	static
switches.c:69:15:NumberOfSetBits	24	static
switches.c:84:16:IndexToMask	16	static
switches.c:93:16:GetKeyBit	16	static
switches.c:100:6:UpdateSwitchRaw	16	static
switches.c:116:15:ButtonEventType	24	static
switches.c:132:13:FindTimedButtonEvent	24	static
switches.c:159:6:ButtonNotUsed	16	static
switches.c:180:13:FindButtonEvent	24	static
switches.c:206:16:GetButtonPattern	16	static
switches.c:237:13:GetButtonEvent	24	static
switches.c:309:13:SinglePressBeep	24	static
switches.c:345:13:DoButtonFunction	24	static
switches.c:369:13:FindForcedButtonEvent	24	static
switches.c:398:6:InitButtons	4	static
switches.c:408:7:CallFunction	24	static
switches.c:419:6:Call_BOOL_Function	16	static
