stm32f4xx_hal_msp.c:66:6:HAL_MspInit	8	static
stm32f4xx_hal_msp.c:88:6:HAL_ADC_MspInit	40	static
stm32f4xx_hal_msp.c:126:6:HAL_ADC_MspDeInit	0	static
stm32f4xx_hal_msp.c:159:6:HAL_I2C_MspInit	64	static
stm32f4xx_hal_msp.c:226:6:HAL_I2C_MspDeInit	8	static
stm32f4xx_hal_msp.c:277:6:HAL_SPI_MspInit	48	static
stm32f4xx_hal_msp.c:339:6:HAL_SPI_MspDeInit	0	static
stm32f4xx_hal_msp.c:388:6:HAL_TIM_PWM_MspInit	8	static
stm32f4xx_hal_msp.c:404:6:HAL_TIM_MspPostInit	32	static
stm32f4xx_hal_msp.c:436:6:HAL_TIM_PWM_MspDeInit	0	static
stm32f4xx_hal_msp.c:458:6:HAL_UART_MspInit	80	static
stm32f4xx_hal_msp.c:614:6:HAL_UART_MspDeInit	0	static
