main.c:92:5:main	88	static
main.c:171:6:SystemClock_Config	88	static
main.c:219:13:MX_ADC1_Init	24	static
main.c:269:13:MX_I2C1_Init	8	static
main.c:303:13:MX_I2C2_Init	8	static
main.c:337:13:MX_SPI1_Init	8	static
main.c:375:13:MX_SPI4_Init	8	static
main.c:413:13:MX_TIM9_Init	40	static
main.c:455:13:MX_UART5_Init	8	static
main.c:488:13:MX_UART7_Init	8	static
main.c:521:13:MX_UART8_Init	8	static
main.c:554:13:MX_UART9_Init	8	static
main.c:587:13:MX_USART2_UART_Init	8	static
main.c:620:13:MX_USART6_UART_Init	8	static
main.c:653:13:MX_GPIO_Init	56	static
main.c:803:6:Error_Handler	4	static,ignoring_inline_asm
